<?xml version="1.0" encoding="ISO-8859-1" ?>
<link_info>
   <banner>TI ARM Linker Unix v18.1.5.LTS</banner>
   <copyright>Copyright (c) 1996-2018 Texas Instruments Incorporated</copyright>
   <link_time>0x5c513570</link_time>
   <link_errors>0x0</link_errors>
   <output_file>htu21d_tivaC.out</output_file>
   <entry_point>
      <name>_c_int00_noargs</name>
      <address>0x38fd</address>
   </entry_point>
   <input_file_list>
      <input_file id="fl-2">
         <path>./</path>
         <kind>object</kind>
         <file>tm4c123gh6pm_startup_ccs.obj</file>
         <name>tm4c123gh6pm_startup_ccs.obj</name>
      </input_file>
      <input_file id="fl-3">
         <path>./Tiva_Extra/Tivaware_Dep/driverlib/</path>
         <kind>object</kind>
         <file>epi_workaround_ccs.obj</file>
         <name>epi_workaround_ccs.obj</name>
      </input_file>
      <input_file id="fl-4">
         <path>./Tiva_Extra/Tivaware_Dep/drivers/</path>
         <kind>object</kind>
         <file>buttons.obj</file>
         <name>buttons.obj</name>
      </input_file>
      <input_file id="fl-5">
         <path>./Tiva_Extra/Tivaware_Dep/drivers/</path>
         <kind>object</kind>
         <file>rgb.obj</file>
         <name>rgb.obj</name>
      </input_file>
      <input_file id="fl-6">
         <path>./Tiva_Extra/Tivaware_Dep/utils/</path>
         <kind>object</kind>
         <file>softuart.obj</file>
         <name>softuart.obj</name>
      </input_file>
      <input_file id="fl-7">
         <path>./Tiva_Extra/Tivaware_Dep/utils/</path>
         <kind>object</kind>
         <file>uartstdio.obj</file>
         <name>uartstdio.obj</name>
      </input_file>
      <input_file id="fl-8">
         <path>./Tiva_Extra/Tivaware_Dep/utils/</path>
         <kind>object</kind>
         <file>ustdlib.obj</file>
         <name>ustdlib.obj</name>
      </input_file>
      <input_file id="fl-9">
         <path>./Tiva_Extra/debug_utils/</path>
         <kind>object</kind>
         <file>swo_segger.obj</file>
         <name>swo_segger.obj</name>
      </input_file>
      <input_file id="fl-a">
         <path>./Tiva_Extra/hardware_helper/</path>
         <kind>object</kind>
         <file>hardware_helper.obj</file>
         <name>hardware_helper.obj</name>
      </input_file>
      <input_file id="fl-b">
         <path>./Tiva_Extra/hardware_helper/</path>
         <kind>object</kind>
         <file>hardware_helper_adc.obj</file>
         <name>hardware_helper_adc.obj</name>
      </input_file>
      <input_file id="fl-c">
         <path>./Tiva_Extra/hardware_helper/</path>
         <kind>object</kind>
         <file>hardware_helper_dma.obj</file>
         <name>hardware_helper_dma.obj</name>
      </input_file>
      <input_file id="fl-d">
         <path>./Tiva_Extra/hardware_helper/</path>
         <kind>object</kind>
         <file>hardware_helper_gpio.obj</file>
         <name>hardware_helper_gpio.obj</name>
      </input_file>
      <input_file id="fl-e">
         <path>./Tiva_Extra/hardware_helper/</path>
         <kind>object</kind>
         <file>hardware_helper_pwm.obj</file>
         <name>hardware_helper_pwm.obj</name>
      </input_file>
      <input_file id="fl-f">
         <path>./Tiva_Extra/tiva_utils/</path>
         <kind>object</kind>
         <file>peripheral_utils.obj</file>
         <name>peripheral_utils.obj</name>
      </input_file>
      <input_file id="fl-10">
         <path>./Tiva_Extra/tiva_utils/</path>
         <kind>object</kind>
         <file>pin_utils.obj</file>
         <name>pin_utils.obj</name>
      </input_file>
      <input_file id="fl-11">
         <path>./Tiva_Extra/tiva_utils/</path>
         <kind>object</kind>
         <file>pwm_utils.obj</file>
         <name>pwm_utils.obj</name>
      </input_file>
      <input_file id="fl-12">
         <path>./src/</path>
         <kind>object</kind>
         <file>htu21d.obj</file>
         <name>htu21d.obj</name>
      </input_file>
      <input_file id="fl-13">
         <path>./src/</path>
         <kind>object</kind>
         <file>htu21d_i2c.obj</file>
         <name>htu21d_i2c.obj</name>
      </input_file>
      <input_file id="fl-14">
         <path>./src/</path>
         <kind>object</kind>
         <file>main.obj</file>
         <name>main.obj</name>
      </input_file>
      <input_file id="fl-1d">
         <kind>object</kind>
         <file>&lt;internal&gt;</file>
         <name>&lt;internal&gt;</name>
      </input_file>
      <input_file id="fl-1e">
         <path>../Tiva_Extra/Tivaware_Dep/driverlib/ccs/Debug/</path>
         <kind>archive</kind>
         <file>driverlib.lib</file>
         <name>gpio.obj</name>
      </input_file>
      <input_file id="fl-1f">
         <path>../Tiva_Extra/Tivaware_Dep/driverlib/ccs/Debug/</path>
         <kind>archive</kind>
         <file>driverlib.lib</file>
         <name>i2c.obj</name>
      </input_file>
      <input_file id="fl-20">
         <path>../Tiva_Extra/Tivaware_Dep/driverlib/ccs/Debug/</path>
         <kind>archive</kind>
         <file>driverlib.lib</file>
         <name>interrupt.obj</name>
      </input_file>
      <input_file id="fl-21">
         <path>../Tiva_Extra/Tivaware_Dep/driverlib/ccs/Debug/</path>
         <kind>archive</kind>
         <file>driverlib.lib</file>
         <name>pwm.obj</name>
      </input_file>
      <input_file id="fl-22">
         <path>../Tiva_Extra/Tivaware_Dep/driverlib/ccs/Debug/</path>
         <kind>archive</kind>
         <file>driverlib.lib</file>
         <name>sysctl.obj</name>
      </input_file>
      <input_file id="fl-23">
         <path>../Tiva_Extra/Tivaware_Dep/driverlib/ccs/Debug/</path>
         <kind>archive</kind>
         <file>driverlib.lib</file>
         <name>uart.obj</name>
      </input_file>
      <input_file id="fl-24">
         <path>../Tiva_Extra/Tivaware_Dep/driverlib/ccs/Debug/</path>
         <kind>archive</kind>
         <file>driverlib.lib</file>
         <name>cpu.obj</name>
      </input_file>
      <input_file id="fl-da">
         <path>/home/kd/ti/ccsv8/tools/compiler/ti-cgt-arm_18.1.5.LTS/lib/</path>
         <kind>archive</kind>
         <file>rtsv7M4_T_le_v4SPD16_eabi.lib</file>
         <name>memset_t2.asm.obj</name>
      </input_file>
      <input_file id="fl-db">
         <path>/home/kd/ti/ccsv8/tools/compiler/ti-cgt-arm_18.1.5.LTS/lib/</path>
         <kind>archive</kind>
         <file>rtsv7M4_T_le_v4SPD16_eabi.lib</file>
         <name>u_divt2.asm.obj</name>
      </input_file>
      <input_file id="fl-dc">
         <path>/home/kd/ti/ccsv8/tools/compiler/ti-cgt-arm_18.1.5.LTS/lib/</path>
         <kind>archive</kind>
         <file>rtsv7M4_T_le_v4SPD16_eabi.lib</file>
         <name>fd_add_t2.asm.obj</name>
      </input_file>
      <input_file id="fl-dd">
         <path>/home/kd/ti/ccsv8/tools/compiler/ti-cgt-arm_18.1.5.LTS/lib/</path>
         <kind>archive</kind>
         <file>rtsv7M4_T_le_v4SPD16_eabi.lib</file>
         <name>fd_mul_t2.asm.obj</name>
      </input_file>
      <input_file id="fl-de">
         <path>/home/kd/ti/ccsv8/tools/compiler/ti-cgt-arm_18.1.5.LTS/lib/</path>
         <kind>archive</kind>
         <file>rtsv7M4_T_le_v4SPD16_eabi.lib</file>
         <name>fd_tos_t2.asm.obj</name>
      </input_file>
      <input_file id="fl-df">
         <path>/home/kd/ti/ccsv8/tools/compiler/ti-cgt-arm_18.1.5.LTS/lib/</path>
         <kind>archive</kind>
         <file>rtsv7M4_T_le_v4SPD16_eabi.lib</file>
         <name>fs_tod_t2.asm.obj</name>
      </input_file>
      <input_file id="fl-e0">
         <path>/home/kd/ti/ccsv8/tools/compiler/ti-cgt-arm_18.1.5.LTS/lib/</path>
         <kind>archive</kind>
         <file>rtsv7M4_T_le_v4SPD16_eabi.lib</file>
         <name>fs_toull_t2.asm.obj</name>
      </input_file>
      <input_file id="fl-e1">
         <path>/home/kd/ti/ccsv8/tools/compiler/ti-cgt-arm_18.1.5.LTS/lib/</path>
         <kind>archive</kind>
         <file>rtsv7M4_T_le_v4SPD16_eabi.lib</file>
         <name>copy_zero_init.c.obj</name>
      </input_file>
      <input_file id="fl-e2">
         <path>/home/kd/ti/ccsv8/tools/compiler/ti-cgt-arm_18.1.5.LTS/lib/</path>
         <kind>archive</kind>
         <file>rtsv7M4_T_le_v4SPD16_eabi.lib</file>
         <name>copy_decompress_none.c.obj</name>
      </input_file>
      <input_file id="fl-e3">
         <path>/home/kd/ti/ccsv8/tools/compiler/ti-cgt-arm_18.1.5.LTS/lib/</path>
         <kind>archive</kind>
         <file>rtsv7M4_T_le_v4SPD16_eabi.lib</file>
         <name>copy_decompress_lzss.c.obj</name>
      </input_file>
      <input_file id="fl-e4">
         <path>/home/kd/ti/ccsv8/tools/compiler/ti-cgt-arm_18.1.5.LTS/lib/</path>
         <kind>archive</kind>
         <file>rtsv7M4_T_le_v4SPD16_eabi.lib</file>
         <name>boot_cortex_m.c.obj</name>
      </input_file>
      <input_file id="fl-e5">
         <path>/home/kd/ti/ccsv8/tools/compiler/ti-cgt-arm_18.1.5.LTS/lib/</path>
         <kind>archive</kind>
         <file>rtsv7M4_T_le_v4SPD16_eabi.lib</file>
         <name>exit.c.obj</name>
      </input_file>
      <input_file id="fl-e6">
         <path>/home/kd/ti/ccsv8/tools/compiler/ti-cgt-arm_18.1.5.LTS/lib/</path>
         <kind>archive</kind>
         <file>rtsv7M4_T_le_v4SPD16_eabi.lib</file>
         <name>_lock.c.obj</name>
      </input_file>
      <input_file id="fl-e7">
         <path>/home/kd/ti/ccsv8/tools/compiler/ti-cgt-arm_18.1.5.LTS/lib/</path>
         <kind>archive</kind>
         <file>rtsv7M4_T_le_v4SPD16_eabi.lib</file>
         <name>args_main.c.obj</name>
      </input_file>
      <input_file id="fl-e8">
         <path>/home/kd/ti/ccsv8/tools/compiler/ti-cgt-arm_18.1.5.LTS/lib/</path>
         <kind>archive</kind>
         <file>rtsv7M4_T_le_v4SPD16_eabi.lib</file>
         <name>assert.c.obj</name>
      </input_file>
      <input_file id="fl-e9">
         <path>/home/kd/ti/ccsv8/tools/compiler/ti-cgt-arm_18.1.5.LTS/lib/</path>
         <kind>archive</kind>
         <file>rtsv7M4_T_le_v4SPD16_eabi.lib</file>
         <name>defs.c.obj</name>
      </input_file>
      <input_file id="fl-ea">
         <path>/home/kd/ti/ccsv8/tools/compiler/ti-cgt-arm_18.1.5.LTS/lib/</path>
         <kind>archive</kind>
         <file>rtsv7M4_T_le_v4SPD16_eabi.lib</file>
         <name>fflush.c.obj</name>
      </input_file>
      <input_file id="fl-eb">
         <path>/home/kd/ti/ccsv8/tools/compiler/ti-cgt-arm_18.1.5.LTS/lib/</path>
         <kind>archive</kind>
         <file>rtsv7M4_T_le_v4SPD16_eabi.lib</file>
         <name>fputs.c.obj</name>
      </input_file>
      <input_file id="fl-ec">
         <path>/home/kd/ti/ccsv8/tools/compiler/ti-cgt-arm_18.1.5.LTS/lib/</path>
         <kind>archive</kind>
         <file>rtsv7M4_T_le_v4SPD16_eabi.lib</file>
         <name>isdigit.c.obj</name>
      </input_file>
      <input_file id="fl-ed">
         <path>/home/kd/ti/ccsv8/tools/compiler/ti-cgt-arm_18.1.5.LTS/lib/</path>
         <kind>archive</kind>
         <file>rtsv7M4_T_le_v4SPD16_eabi.lib</file>
         <name>memchr.c.obj</name>
      </input_file>
      <input_file id="fl-ee">
         <path>/home/kd/ti/ccsv8/tools/compiler/ti-cgt-arm_18.1.5.LTS/lib/</path>
         <kind>archive</kind>
         <file>rtsv7M4_T_le_v4SPD16_eabi.lib</file>
         <name>sprintf.c.obj</name>
      </input_file>
      <input_file id="fl-ef">
         <path>/home/kd/ti/ccsv8/tools/compiler/ti-cgt-arm_18.1.5.LTS/lib/</path>
         <kind>archive</kind>
         <file>rtsv7M4_T_le_v4SPD16_eabi.lib</file>
         <name>strlen.c.obj</name>
      </input_file>
      <input_file id="fl-f0">
         <path>/home/kd/ti/ccsv8/tools/compiler/ti-cgt-arm_18.1.5.LTS/lib/</path>
         <kind>archive</kind>
         <file>rtsv7M4_T_le_v4SPD16_eabi.lib</file>
         <name>write.c.obj</name>
      </input_file>
      <input_file id="fl-f1">
         <path>/home/kd/ti/ccsv8/tools/compiler/ti-cgt-arm_18.1.5.LTS/lib/</path>
         <kind>archive</kind>
         <file>rtsv7M4_T_le_v4SPD16_eabi.lib</file>
         <name>div0.asm.obj</name>
      </input_file>
      <input_file id="fl-f2">
         <path>/home/kd/ti/ccsv8/tools/compiler/ti-cgt-arm_18.1.5.LTS/lib/</path>
         <kind>archive</kind>
         <file>rtsv7M4_T_le_v4SPD16_eabi.lib</file>
         <name>memcpy_t2.asm.obj</name>
      </input_file>
      <input_file id="fl-f3">
         <path>/home/kd/ti/ccsv8/tools/compiler/ti-cgt-arm_18.1.5.LTS/lib/</path>
         <kind>archive</kind>
         <file>rtsv7M4_T_le_v4SPD16_eabi.lib</file>
         <name>autoinit.c.obj</name>
      </input_file>
      <input_file id="fl-f4">
         <path>/home/kd/ti/ccsv8/tools/compiler/ti-cgt-arm_18.1.5.LTS/lib/</path>
         <kind>archive</kind>
         <file>rtsv7M4_T_le_v4SPD16_eabi.lib</file>
         <name>pre_init.c.obj</name>
      </input_file>
      <input_file id="fl-f5">
         <path>/home/kd/ti/ccsv8/tools/compiler/ti-cgt-arm_18.1.5.LTS/lib/</path>
         <kind>archive</kind>
         <file>rtsv7M4_T_le_v4SPD16_eabi.lib</file>
         <name>cpy_tbl.c.obj</name>
      </input_file>
      <input_file id="fl-f6">
         <path>/home/kd/ti/ccsv8/tools/compiler/ti-cgt-arm_18.1.5.LTS/lib/</path>
         <kind>archive</kind>
         <file>rtsv7M4_T_le_v4SPD16_eabi.lib</file>
         <name>_io_perm.c.obj</name>
      </input_file>
      <input_file id="fl-f7">
         <path>/home/kd/ti/ccsv8/tools/compiler/ti-cgt-arm_18.1.5.LTS/lib/</path>
         <kind>archive</kind>
         <file>rtsv7M4_T_le_v4SPD16_eabi.lib</file>
         <name>_printfi.c.obj</name>
      </input_file>
      <input_file id="fl-f8">
         <path>/home/kd/ti/ccsv8/tools/compiler/ti-cgt-arm_18.1.5.LTS/lib/</path>
         <kind>archive</kind>
         <file>rtsv7M4_T_le_v4SPD16_eabi.lib</file>
         <name>atoi.c.obj</name>
      </input_file>
      <input_file id="fl-f9">
         <path>/home/kd/ti/ccsv8/tools/compiler/ti-cgt-arm_18.1.5.LTS/lib/</path>
         <kind>archive</kind>
         <file>rtsv7M4_T_le_v4SPD16_eabi.lib</file>
         <name>ctype.c.obj</name>
      </input_file>
      <input_file id="fl-fa">
         <path>/home/kd/ti/ccsv8/tools/compiler/ti-cgt-arm_18.1.5.LTS/lib/</path>
         <kind>archive</kind>
         <file>rtsv7M4_T_le_v4SPD16_eabi.lib</file>
         <name>fseek.c.obj</name>
      </input_file>
      <input_file id="fl-fb">
         <path>/home/kd/ti/ccsv8/tools/compiler/ti-cgt-arm_18.1.5.LTS/lib/</path>
         <kind>archive</kind>
         <file>rtsv7M4_T_le_v4SPD16_eabi.lib</file>
         <name>lseek.c.obj</name>
      </input_file>
      <input_file id="fl-fc">
         <path>/home/kd/ti/ccsv8/tools/compiler/ti-cgt-arm_18.1.5.LTS/lib/</path>
         <kind>archive</kind>
         <file>rtsv7M4_T_le_v4SPD16_eabi.lib</file>
         <name>ltoa.c.obj</name>
      </input_file>
      <input_file id="fl-fd">
         <path>/home/kd/ti/ccsv8/tools/compiler/ti-cgt-arm_18.1.5.LTS/lib/</path>
         <kind>archive</kind>
         <file>rtsv7M4_T_le_v4SPD16_eabi.lib</file>
         <name>memccpy.c.obj</name>
      </input_file>
      <input_file id="fl-fe">
         <path>/home/kd/ti/ccsv8/tools/compiler/ti-cgt-arm_18.1.5.LTS/lib/</path>
         <kind>archive</kind>
         <file>rtsv7M4_T_le_v4SPD16_eabi.lib</file>
         <name>setvbuf.c.obj</name>
      </input_file>
      <input_file id="fl-ff">
         <path>/home/kd/ti/ccsv8/tools/compiler/ti-cgt-arm_18.1.5.LTS/lib/</path>
         <kind>archive</kind>
         <file>rtsv7M4_T_le_v4SPD16_eabi.lib</file>
         <name>strchr.c.obj</name>
      </input_file>
      <input_file id="fl-100">
         <path>/home/kd/ti/ccsv8/tools/compiler/ti-cgt-arm_18.1.5.LTS/lib/</path>
         <kind>archive</kind>
         <file>rtsv7M4_T_le_v4SPD16_eabi.lib</file>
         <name>hostclose.c.obj</name>
      </input_file>
      <input_file id="fl-101">
         <path>/home/kd/ti/ccsv8/tools/compiler/ti-cgt-arm_18.1.5.LTS/lib/</path>
         <kind>archive</kind>
         <file>rtsv7M4_T_le_v4SPD16_eabi.lib</file>
         <name>hostlseek.c.obj</name>
      </input_file>
      <input_file id="fl-102">
         <path>/home/kd/ti/ccsv8/tools/compiler/ti-cgt-arm_18.1.5.LTS/lib/</path>
         <kind>archive</kind>
         <file>rtsv7M4_T_le_v4SPD16_eabi.lib</file>
         <name>hostopen.c.obj</name>
      </input_file>
      <input_file id="fl-103">
         <path>/home/kd/ti/ccsv8/tools/compiler/ti-cgt-arm_18.1.5.LTS/lib/</path>
         <kind>archive</kind>
         <file>rtsv7M4_T_le_v4SPD16_eabi.lib</file>
         <name>hostread.c.obj</name>
      </input_file>
      <input_file id="fl-104">
         <path>/home/kd/ti/ccsv8/tools/compiler/ti-cgt-arm_18.1.5.LTS/lib/</path>
         <kind>archive</kind>
         <file>rtsv7M4_T_le_v4SPD16_eabi.lib</file>
         <name>hostrename.c.obj</name>
      </input_file>
      <input_file id="fl-105">
         <path>/home/kd/ti/ccsv8/tools/compiler/ti-cgt-arm_18.1.5.LTS/lib/</path>
         <kind>archive</kind>
         <file>rtsv7M4_T_le_v4SPD16_eabi.lib</file>
         <name>hostunlink.c.obj</name>
      </input_file>
      <input_file id="fl-106">
         <path>/home/kd/ti/ccsv8/tools/compiler/ti-cgt-arm_18.1.5.LTS/lib/</path>
         <kind>archive</kind>
         <file>rtsv7M4_T_le_v4SPD16_eabi.lib</file>
         <name>hostwrite.c.obj</name>
      </input_file>
      <input_file id="fl-107">
         <path>/home/kd/ti/ccsv8/tools/compiler/ti-cgt-arm_18.1.5.LTS/lib/</path>
         <kind>archive</kind>
         <file>rtsv7M4_T_le_v4SPD16_eabi.lib</file>
         <name>trgmsg.c.obj</name>
      </input_file>
      <input_file id="fl-108">
         <path>/home/kd/ti/ccsv8/tools/compiler/ti-cgt-arm_18.1.5.LTS/lib/</path>
         <kind>archive</kind>
         <file>rtsv7M4_T_le_v4SPD16_eabi.lib</file>
         <name>s_frexp.c.obj</name>
      </input_file>
      <input_file id="fl-109">
         <path>/home/kd/ti/ccsv8/tools/compiler/ti-cgt-arm_18.1.5.LTS/lib/</path>
         <kind>archive</kind>
         <file>rtsv7M4_T_le_v4SPD16_eabi.lib</file>
         <name>s_scalbn.c.obj</name>
      </input_file>
      <input_file id="fl-10a">
         <path>/home/kd/ti/ccsv8/tools/compiler/ti-cgt-arm_18.1.5.LTS/lib/</path>
         <kind>archive</kind>
         <file>rtsv7M4_T_le_v4SPD16_eabi.lib</file>
         <name>wcslen.c.obj</name>
      </input_file>
      <input_file id="fl-10b">
         <path>/home/kd/ti/ccsv8/tools/compiler/ti-cgt-arm_18.1.5.LTS/lib/</path>
         <kind>archive</kind>
         <file>rtsv7M4_T_le_v4SPD16_eabi.lib</file>
         <name>s_copysign.c.obj</name>
      </input_file>
      <input_file id="fl-10c">
         <path>/home/kd/ti/ccsv8/tools/compiler/ti-cgt-arm_18.1.5.LTS/lib/</path>
         <kind>archive</kind>
         <file>rtsv7M4_T_le_v4SPD16_eabi.lib</file>
         <name>fd_cmp_t2.asm.obj</name>
      </input_file>
      <input_file id="fl-10d">
         <path>/home/kd/ti/ccsv8/tools/compiler/ti-cgt-arm_18.1.5.LTS/lib/</path>
         <kind>archive</kind>
         <file>rtsv7M4_T_le_v4SPD16_eabi.lib</file>
         <name>fd_div_t2.asm.obj</name>
      </input_file>
      <input_file id="fl-10e">
         <path>/home/kd/ti/ccsv8/tools/compiler/ti-cgt-arm_18.1.5.LTS/lib/</path>
         <kind>archive</kind>
         <file>rtsv7M4_T_le_v4SPD16_eabi.lib</file>
         <name>fd_toi_t2.asm.obj</name>
      </input_file>
      <input_file id="fl-10f">
         <path>/home/kd/ti/ccsv8/tools/compiler/ti-cgt-arm_18.1.5.LTS/lib/</path>
         <kind>archive</kind>
         <file>rtsv7M4_T_le_v4SPD16_eabi.lib</file>
         <name>i_tofd_t2.asm.obj</name>
      </input_file>
      <input_file id="fl-110">
         <path>/home/kd/ti/ccsv8/tools/compiler/ti-cgt-arm_18.1.5.LTS/lib/</path>
         <kind>archive</kind>
         <file>rtsv7M4_T_le_v4SPD16_eabi.lib</file>
         <name>ull_div_t2.asm.obj</name>
      </input_file>
      <input_file id="fl-111">
         <path>/home/kd/ti/ccsv8/tools/compiler/ti-cgt-arm_18.1.5.LTS/lib/</path>
         <kind>archive</kind>
         <file>rtsv7M4_T_le_v4SPD16_eabi.lib</file>
         <name>errno.c.obj</name>
      </input_file>
      <input_file id="fl-112">
         <path>/home/kd/ti/ccsv8/tools/compiler/ti-cgt-arm_18.1.5.LTS/lib/</path>
         <kind>archive</kind>
         <file>rtsv7M4_T_le_v4SPD16_eabi.lib</file>
         <name>memory.c.obj</name>
      </input_file>
      <input_file id="fl-113">
         <path>/home/kd/ti/ccsv8/tools/compiler/ti-cgt-arm_18.1.5.LTS/lib/</path>
         <kind>archive</kind>
         <file>rtsv7M4_T_le_v4SPD16_eabi.lib</file>
         <name>fopen.c.obj</name>
      </input_file>
      <input_file id="fl-114">
         <path>/home/kd/ti/ccsv8/tools/compiler/ti-cgt-arm_18.1.5.LTS/lib/</path>
         <kind>archive</kind>
         <file>rtsv7M4_T_le_v4SPD16_eabi.lib</file>
         <name>open.c.obj</name>
      </input_file>
      <input_file id="fl-115">
         <path>/home/kd/ti/ccsv8/tools/compiler/ti-cgt-arm_18.1.5.LTS/lib/</path>
         <kind>archive</kind>
         <file>rtsv7M4_T_le_v4SPD16_eabi.lib</file>
         <name>strcpy.c.obj</name>
      </input_file>
      <input_file id="fl-116">
         <path>/home/kd/ti/ccsv8/tools/compiler/ti-cgt-arm_18.1.5.LTS/lib/</path>
         <kind>archive</kind>
         <file>rtsv7M4_T_le_v4SPD16_eabi.lib</file>
         <name>fclose.c.obj</name>
      </input_file>
      <input_file id="fl-117">
         <path>/home/kd/ti/ccsv8/tools/compiler/ti-cgt-arm_18.1.5.LTS/lib/</path>
         <kind>archive</kind>
         <file>rtsv7M4_T_le_v4SPD16_eabi.lib</file>
         <name>getdevice.c.obj</name>
      </input_file>
      <input_file id="fl-118">
         <path>/home/kd/ti/ccsv8/tools/compiler/ti-cgt-arm_18.1.5.LTS/lib/</path>
         <kind>archive</kind>
         <file>rtsv7M4_T_le_v4SPD16_eabi.lib</file>
         <name>remove.c.obj</name>
      </input_file>
      <input_file id="fl-119">
         <path>/home/kd/ti/ccsv8/tools/compiler/ti-cgt-arm_18.1.5.LTS/lib/</path>
         <kind>archive</kind>
         <file>rtsv7M4_T_le_v4SPD16_eabi.lib</file>
         <name>strcmp.c.obj</name>
      </input_file>
      <input_file id="fl-11a">
         <path>/home/kd/ti/ccsv8/tools/compiler/ti-cgt-arm_18.1.5.LTS/lib/</path>
         <kind>archive</kind>
         <file>rtsv7M4_T_le_v4SPD16_eabi.lib</file>
         <name>strncpy.c.obj</name>
      </input_file>
      <input_file id="fl-11b">
         <path>/home/kd/ti/ccsv8/tools/compiler/ti-cgt-arm_18.1.5.LTS/lib/</path>
         <kind>archive</kind>
         <file>rtsv7M4_T_le_v4SPD16_eabi.lib</file>
         <name>unlink.c.obj</name>
      </input_file>
      <input_file id="fl-11c">
         <path>/home/kd/ti/ccsv8/tools/compiler/ti-cgt-arm_18.1.5.LTS/lib/</path>
         <kind>archive</kind>
         <file>rtsv7M4_T_le_v4SPD16_eabi.lib</file>
         <name>close.c.obj</name>
      </input_file>
   </input_file_list>
   <object_component_list>
      <object_component id="oc-f">
         <name>.intvecs</name>
         <load_address>0x0</load_address>
         <run_address>0x0</run_address>
         <size>0x26c</size>
         <input_file_ref idref="fl-2"/>
      </object_component>
      <object_component id="oc-1ba">
         <name>.text:__TI_printfi</name>
         <load_address>0x26c</load_address>
         <run_address>0x26c</run_address>
         <size>0xa5e</size>
         <input_file_ref idref="fl-f7"/>
      </object_component>
      <object_component id="oc-2af">
         <name>.text:_nop</name>
         <load_address>0xcca</load_address>
         <run_address>0xcca</run_address>
         <size>0x2</size>
         <input_file_ref idref="fl-e6"/>
      </object_component>
      <object_component id="oc-ea">
         <name>.text</name>
         <load_address>0xccc</load_address>
         <run_address>0xccc</run_address>
         <size>0x4dc</size>
         <input_file_ref idref="fl-7"/>
      </object_component>
      <object_component id="oc-f6">
         <name>.text</name>
         <load_address>0x11a8</load_address>
         <run_address>0x11a8</run_address>
         <size>0x2f0</size>
         <input_file_ref idref="fl-12"/>
      </object_component>
      <object_component id="oc-184">
         <name>.text</name>
         <load_address>0x1498</load_address>
         <run_address>0x1498</run_address>
         <size>0x2ce</size>
         <input_file_ref idref="fl-13"/>
      </object_component>
      <object_component id="oc-20b">
         <name>.text</name>
         <load_address>0x1766</load_address>
         <run_address>0x1766</run_address>
         <size>0x2</size>
         <input_file_ref idref="fl-f1"/>
      </object_component>
      <object_component id="oc-285">
         <name>.text:_pconv_a</name>
         <load_address>0x1768</load_address>
         <run_address>0x1768</run_address>
         <size>0x270</size>
         <input_file_ref idref="fl-f7"/>
      </object_component>
      <object_component id="oc-273">
         <name>.text:_pconv_g</name>
         <load_address>0x19d8</load_address>
         <run_address>0x19d8</run_address>
         <size>0x1d0</size>
         <input_file_ref idref="fl-f7"/>
      </object_component>
      <object_component id="oc-18f">
         <name>.text</name>
         <load_address>0x1ba8</load_address>
         <run_address>0x1ba8</run_address>
         <size>0x1b6</size>
         <input_file_ref idref="fl-dc"/>
      </object_component>
      <object_component id="oc-27f">
         <name>.text:_pconv_e</name>
         <load_address>0x1d60</load_address>
         <run_address>0x1d60</run_address>
         <size>0x13c</size>
         <input_file_ref idref="fl-f7"/>
      </object_component>
      <object_component id="oc-9f">
         <name>.text</name>
         <load_address>0x1e9c</load_address>
         <run_address>0x1e9c</run_address>
         <size>0x13c</size>
         <input_file_ref idref="fl-14"/>
      </object_component>
      <object_component id="oc-2fc">
         <name>.text</name>
         <load_address>0x1fd8</load_address>
         <run_address>0x1fd8</run_address>
         <size>0x136</size>
         <input_file_ref idref="fl-10d"/>
      </object_component>
      <object_component id="oc-161">
         <name>.text:GPIOPadConfigSet</name>
         <load_address>0x210e</load_address>
         <run_address>0x210e</run_address>
         <size>0x132</size>
         <input_file_ref idref="fl-1e"/>
      </object_component>
      <object_component id="oc-323">
         <name>.text:fcvt</name>
         <load_address>0x2240</load_address>
         <run_address>0x2240</run_address>
         <size>0x124</size>
         <input_file_ref idref="fl-f7"/>
      </object_component>
      <object_component id="oc-1ab">
         <name>.text:SysCtlClockGet</name>
         <load_address>0x2364</load_address>
         <run_address>0x2364</run_address>
         <size>0x118</size>
         <input_file_ref idref="fl-22"/>
      </object_component>
      <object_component id="oc-2d4">
         <name>.text:fputs</name>
         <load_address>0x247c</load_address>
         <run_address>0x247c</run_address>
         <size>0x114</size>
         <input_file_ref idref="fl-eb"/>
      </object_component>
      <object_component id="oc-337">
         <name>.text:scalbn</name>
         <load_address>0x2590</load_address>
         <run_address>0x2590</run_address>
         <size>0x110</size>
         <input_file_ref idref="fl-109"/>
      </object_component>
      <object_component id="oc-18a">
         <name>.text</name>
         <load_address>0x26a0</load_address>
         <run_address>0x26a0</run_address>
         <size>0xfc</size>
         <input_file_ref idref="fl-dd"/>
      </object_component>
      <object_component id="oc-f0">
         <name>.text:SysCtlClockSet</name>
         <load_address>0x279c</load_address>
         <run_address>0x279c</run_address>
         <size>0xf4</size>
         <input_file_ref idref="fl-22"/>
      </object_component>
      <object_component id="oc-3d7">
         <name>.text:setvbuf</name>
         <load_address>0x2890</load_address>
         <run_address>0x2890</run_address>
         <size>0xdc</size>
         <input_file_ref idref="fl-fe"/>
      </object_component>
      <object_component id="oc-407">
         <name>.text:free</name>
         <load_address>0x296c</load_address>
         <run_address>0x296c</run_address>
         <size>0xd8</size>
         <input_file_ref idref="fl-112"/>
      </object_component>
      <object_component id="oc-268">
         <name>.text:_ltostr</name>
         <load_address>0x2a44</load_address>
         <run_address>0x2a44</run_address>
         <size>0xb1</size>
         <input_file_ref idref="fl-f7"/>
      </object_component>
      <object_component id="oc-3b">
         <name>.text</name>
         <load_address>0x2af6</load_address>
         <run_address>0x2af6</run_address>
         <size>0x9c</size>
         <input_file_ref idref="fl-f2"/>
      </object_component>
      <object_component id="oc-2f5">
         <name>.text</name>
         <load_address>0x2b92</load_address>
         <run_address>0x2b92</run_address>
         <size>0x96</size>
         <input_file_ref idref="fl-110"/>
      </object_component>
      <object_component id="oc-26e">
         <name>.text:__aeabi_cdcmple</name>
         <load_address>0x2c28</load_address>
         <run_address>0x2c28</run_address>
         <size>0x86</size>
         <input_file_ref idref="fl-10c"/>
      </object_component>
      <object_component id="oc-301">
         <name>.text:__aeabi_cdrcmple</name>
         <load_address>0x2cae</load_address>
         <run_address>0x2cae</run_address>
         <size>0x86</size>
         <input_file_ref idref="fl-10c"/>
      </object_component>
      <object_component id="oc-2da">
         <name>.text:fflush</name>
         <load_address>0x2d34</load_address>
         <run_address>0x2d34</run_address>
         <size>0x7c</size>
         <input_file_ref idref="fl-ea"/>
      </object_component>
      <object_component id="oc-93">
         <name>.text</name>
         <load_address>0x2db0</load_address>
         <run_address>0x2db0</run_address>
         <size>0x7a</size>
         <input_file_ref idref="fl-da"/>
      </object_component>
      <object_component id="oc-40d">
         <name>.text:malloc</name>
         <load_address>0x2e2c</load_address>
         <run_address>0x2e2c</run_address>
         <size>0x78</size>
         <input_file_ref idref="fl-112"/>
      </object_component>
      <object_component id="oc-450">
         <name>.text:__TI_closefile</name>
         <load_address>0x2ea4</load_address>
         <run_address>0x2ea4</run_address>
         <size>0x74</size>
         <input_file_ref idref="fl-116"/>
      </object_component>
      <object_component id="oc-31c">
         <name>.text:_mcpy</name>
         <load_address>0x2f18</load_address>
         <run_address>0x2f18</run_address>
         <size>0x6e</size>
         <input_file_ref idref="fl-f7"/>
      </object_component>
      <object_component id="oc-194">
         <name>.text</name>
         <load_address>0x2f86</load_address>
         <run_address>0x2f86</run_address>
         <size>0x6e</size>
         <input_file_ref idref="fl-de"/>
      </object_component>
      <object_component id="oc-471">
         <name>.text:HOSTlseek</name>
         <load_address>0x2ff4</load_address>
         <run_address>0x2ff4</run_address>
         <size>0x68</size>
         <input_file_ref idref="fl-101"/>
      </object_component>
      <object_component id="oc-47d">
         <name>.text:HOSTrename</name>
         <load_address>0x305c</load_address>
         <run_address>0x305c</run_address>
         <size>0x68</size>
         <input_file_ref idref="fl-104"/>
      </object_component>
      <object_component id="oc-12">
         <name>.text:decompress:lzss:__TI_decompress_lzss</name>
         <load_address>0x30c4</load_address>
         <run_address>0x30c4</run_address>
         <size>0x68</size>
         <input_file_ref idref="fl-e3"/>
      </object_component>
      <object_component id="oc-331">
         <name>.text:frexp</name>
         <load_address>0x312c</load_address>
         <run_address>0x312c</run_address>
         <size>0x64</size>
         <input_file_ref idref="fl-108"/>
      </object_component>
      <object_component id="oc-3d1">
         <name>.text:fseek</name>
         <load_address>0x3190</load_address>
         <run_address>0x3190</run_address>
         <size>0x64</size>
         <input_file_ref idref="fl-fa"/>
      </object_component>
      <object_component id="oc-372">
         <name>.text:__TI_wrt_ok</name>
         <load_address>0x31f4</load_address>
         <run_address>0x31f4</run_address>
         <size>0x62</size>
         <input_file_ref idref="fl-f6"/>
      </object_component>
      <object_component id="oc-459">
         <name>.text:HOSTopen</name>
         <load_address>0x3258</load_address>
         <run_address>0x3258</run_address>
         <size>0x60</size>
         <input_file_ref idref="fl-102"/>
      </object_component>
      <object_component id="oc-48c">
         <name>.text:close</name>
         <load_address>0x32b8</load_address>
         <run_address>0x32b8</run_address>
         <size>0x5c</size>
         <input_file_ref idref="fl-11c"/>
      </object_component>
      <object_component id="oc-465">
         <name>.text:HOSTread</name>
         <load_address>0x3314</load_address>
         <run_address>0x3314</run_address>
         <size>0x58</size>
         <input_file_ref idref="fl-103"/>
      </object_component>
      <object_component id="oc-46b">
         <name>.text:HOSTwrite</name>
         <load_address>0x336c</load_address>
         <run_address>0x336c</run_address>
         <size>0x58</size>
         <input_file_ref idref="fl-106"/>
      </object_component>
      <object_component id="oc-279">
         <name>.text:_pconv_f</name>
         <load_address>0x33c4</load_address>
         <run_address>0x33c4</run_address>
         <size>0x56</size>
         <input_file_ref idref="fl-f7"/>
      </object_component>
      <object_component id="oc-30b">
         <name>.text:ltoa</name>
         <load_address>0x341a</load_address>
         <run_address>0x341a</run_address>
         <size>0x54</size>
         <input_file_ref idref="fl-fc"/>
      </object_component>
      <object_component id="oc-316">
         <name>.text:_ecpy</name>
         <load_address>0x346e</load_address>
         <run_address>0x346e</run_address>
         <size>0x52</size>
         <input_file_ref idref="fl-f7"/>
      </object_component>
      <object_component id="oc-d8">
         <name>.text:GPIOPinConfigure</name>
         <load_address>0x34c0</load_address>
         <run_address>0x34c0</run_address>
         <size>0x4c</size>
         <input_file_ref idref="fl-1e"/>
      </object_component>
      <object_component id="oc-1b1">
         <name>.text:I2CMasterInitExpClk</name>
         <load_address>0x350c</load_address>
         <run_address>0x350c</run_address>
         <size>0x4c</size>
         <input_file_ref idref="fl-1f"/>
      </object_component>
      <object_component id="oc-37e">
         <name>.text:__TI_doflush</name>
         <load_address>0x3558</load_address>
         <run_address>0x3558</run_address>
         <size>0x4c</size>
         <input_file_ref idref="fl-ea"/>
      </object_component>
      <object_component id="oc-262">
         <name>.text:atoi</name>
         <load_address>0x35a4</load_address>
         <run_address>0x35a4</run_address>
         <size>0x4c</size>
         <input_file_ref idref="fl-f8"/>
      </object_component>
      <object_component id="oc-11c">
         <name>.text:exit</name>
         <load_address>0x35f0</load_address>
         <run_address>0x35f0</run_address>
         <size>0x48</size>
         <input_file_ref idref="fl-e5"/>
      </object_component>
      <object_component id="oc-306">
         <name>.text</name>
         <load_address>0x3638</load_address>
         <run_address>0x3638</run_address>
         <size>0x48</size>
         <input_file_ref idref="fl-10e"/>
      </object_component>
      <object_component id="oc-45f">
         <name>.text:HOSTclose</name>
         <load_address>0x3680</load_address>
         <run_address>0x3680</run_address>
         <size>0x44</size>
         <input_file_ref idref="fl-100"/>
      </object_component>
      <object_component id="oc-477">
         <name>.text:HOSTunlink</name>
         <load_address>0x36c4</load_address>
         <run_address>0x36c4</run_address>
         <size>0x44</size>
         <input_file_ref idref="fl-105"/>
      </object_component>
      <object_component id="oc-122">
         <name>.text:__TI_auto_init_nobinit_nopinit:__TI_auto_init_nobinit_nopinit</name>
         <load_address>0x3708</load_address>
         <run_address>0x3708</run_address>
         <size>0x44</size>
         <input_file_ref idref="fl-f3"/>
      </object_component>
      <object_component id="oc-4bf">
         <name>.text:getdevice</name>
         <load_address>0x374c</load_address>
         <run_address>0x374c</run_address>
         <size>0x44</size>
         <input_file_ref idref="fl-117"/>
      </object_component>
      <object_component id="oc-173">
         <name>.text</name>
         <load_address>0x3790</load_address>
         <run_address>0x3790</run_address>
         <size>0x40</size>
         <input_file_ref idref="fl-db"/>
      </object_component>
      <object_component id="oc-101">
         <name>.text:sprintf</name>
         <load_address>0x37d0</load_address>
         <run_address>0x37d0</run_address>
         <size>0x40</size>
         <input_file_ref idref="fl-ee"/>
      </object_component>
      <object_component id="oc-329">
         <name>.text:_fcpy</name>
         <load_address>0x3810</load_address>
         <run_address>0x3810</run_address>
         <size>0x3e</size>
         <input_file_ref idref="fl-f7"/>
      </object_component>
      <object_component id="oc-445">
         <name>.text:minsert</name>
         <load_address>0x3850</load_address>
         <run_address>0x3850</run_address>
         <size>0x3c</size>
         <input_file_ref idref="fl-112"/>
      </object_component>
      <object_component id="oc-d2">
         <name>.text:SysCtlPeripheralReady</name>
         <load_address>0x388c</load_address>
         <run_address>0x388c</run_address>
         <size>0x38</size>
         <input_file_ref idref="fl-22"/>
      </object_component>
      <object_component id="oc-49b">
         <name>.text:__TI_writemsg</name>
         <load_address>0x38c4</load_address>
         <run_address>0x38c4</run_address>
         <size>0x38</size>
         <input_file_ref idref="fl-107"/>
      </object_component>
      <object_component id="oc-59">
         <name>.text:_c_int00_noargs:_c_int00_noargs</name>
         <load_address>0x38fc</load_address>
         <run_address>0x38fc</run_address>
         <size>0x38</size>
         <input_file_ref idref="fl-e4"/>
      </object_component>
      <object_component id="oc-439">
         <name>.text:minit</name>
         <load_address>0x3934</load_address>
         <run_address>0x3934</run_address>
         <size>0x38</size>
         <input_file_ref idref="fl-112"/>
      </object_component>
      <object_component id="oc-fc">
         <name>.text</name>
         <load_address>0x396c</load_address>
         <run_address>0x396c</run_address>
         <size>0x38</size>
         <input_file_ref idref="fl-df"/>
      </object_component>
      <object_component id="oc-4e1">
         <name>.text:strncpy</name>
         <load_address>0x39a4</load_address>
         <run_address>0x39a4</run_address>
         <size>0x36</size>
         <input_file_ref idref="fl-11a"/>
      </object_component>
      <object_component id="oc-199">
         <name>.text:SysCtlPeripheralEnable</name>
         <load_address>0x39dc</load_address>
         <run_address>0x39dc</run_address>
         <size>0x34</size>
         <input_file_ref idref="fl-22"/>
      </object_component>
      <object_component id="oc-413">
         <name>.text:__TI_cleanup</name>
         <load_address>0x3a10</load_address>
         <run_address>0x3a10</run_address>
         <size>0x34</size>
         <input_file_ref idref="fl-113"/>
      </object_component>
      <object_component id="oc-4a1">
         <name>.text:__TI_readmsg</name>
         <load_address>0x3a44</load_address>
         <run_address>0x3a44</run_address>
         <size>0x34</size>
         <input_file_ref idref="fl-107"/>
      </object_component>
      <object_component id="oc-4e7">
         <name>.text:finddevice</name>
         <load_address>0x3a78</load_address>
         <run_address>0x3a78</run_address>
         <size>0x30</size>
         <input_file_ref idref="fl-117"/>
      </object_component>
      <object_component id="oc-311">
         <name>.text</name>
         <load_address>0x3aa8</load_address>
         <run_address>0x3aa8</run_address>
         <size>0x2e</size>
         <input_file_ref idref="fl-10f"/>
      </object_component>
      <object_component id="oc-15b">
         <name>.text:GPIODirModeSet</name>
         <load_address>0x3ad6</load_address>
         <run_address>0x3ad6</run_address>
         <size>0x2c</size>
         <input_file_ref idref="fl-1e"/>
      </object_component>
      <object_component id="oc-492">
         <name>.text:unlink</name>
         <load_address>0x3b04</load_address>
         <run_address>0x3b04</run_address>
         <size>0x2c</size>
         <input_file_ref idref="fl-11b"/>
      </object_component>
      <object_component id="oc-3ff">
         <name>.text:lseek</name>
         <load_address>0x3b30</load_address>
         <run_address>0x3b30</run_address>
         <size>0x28</size>
         <input_file_ref idref="fl-fb"/>
      </object_component>
      <object_component id="oc-43f">
         <name>.text:mremove</name>
         <load_address>0x3b58</load_address>
         <run_address>0x3b58</run_address>
         <size>0x28</size>
         <input_file_ref idref="fl-112"/>
      </object_component>
      <object_component id="oc-384">
         <name>.text:write</name>
         <load_address>0x3b80</load_address>
         <run_address>0x3b80</run_address>
         <size>0x28</size>
         <input_file_ref idref="fl-f0"/>
      </object_component>
      <object_component id="oc-378">
         <name>.text:memchr</name>
         <load_address>0x3ba8</load_address>
         <run_address>0x3ba8</run_address>
         <size>0x20</size>
         <input_file_ref idref="fl-ed"/>
      </object_component>
      <object_component id="oc-234">
         <name>.text:_abort_msg</name>
         <load_address>0x3bc8</load_address>
         <run_address>0x3bc8</run_address>
         <size>0x1c</size>
         <input_file_ref idref="fl-e8"/>
      </object_component>
      <object_component id="oc-28b">
         <name>.text:memccpy</name>
         <load_address>0x3be4</load_address>
         <run_address>0x3be4</run_address>
         <size>0x1c</size>
         <input_file_ref idref="fl-fd"/>
      </object_component>
      <object_component id="oc-1c0">
         <name>.text:_outs</name>
         <load_address>0x3c00</load_address>
         <run_address>0x3c00</run_address>
         <size>0x18</size>
         <input_file_ref idref="fl-ee"/>
      </object_component>
      <object_component id="oc-4fe">
         <name>.text:strcmp</name>
         <load_address>0x3c18</load_address>
         <run_address>0x3c18</run_address>
         <size>0x18</size>
         <input_file_ref idref="fl-119"/>
      </object_component>
      <object_component id="oc-1a5">
         <name>.text:GPIOPinTypeI2C</name>
         <load_address>0x3c30</load_address>
         <run_address>0x3c30</run_address>
         <size>0x16</size>
         <input_file_ref idref="fl-1e"/>
      </object_component>
      <object_component id="oc-19f">
         <name>.text:GPIOPinTypeI2CSCL</name>
         <load_address>0x3c46</load_address>
         <run_address>0x3c46</run_address>
         <size>0x16</size>
         <input_file_ref idref="fl-1e"/>
      </object_component>
      <object_component id="oc-de">
         <name>.text:GPIOPinTypeUART</name>
         <load_address>0x3c5c</load_address>
         <run_address>0x3c5c</run_address>
         <size>0x16</size>
         <input_file_ref idref="fl-1e"/>
      </object_component>
      <object_component id="oc-22e">
         <name>.text:I2CMasterErr</name>
         <load_address>0x3c72</load_address>
         <run_address>0x3c72</run_address>
         <size>0x16</size>
         <input_file_ref idref="fl-1f"/>
      </object_component>
      <object_component id="oc-33d">
         <name>.text:strchr</name>
         <load_address>0x3c88</load_address>
         <run_address>0x3c88</run_address>
         <size>0x16</size>
         <input_file_ref idref="fl-ff"/>
      </object_component>
      <object_component id="oc-3b5">
         <name>.text:copysign</name>
         <load_address>0x3c9e</load_address>
         <run_address>0x3c9e</run_address>
         <size>0x14</size>
         <input_file_ref idref="fl-10b"/>
      </object_component>
      <object_component id="oc-4b5">
         <name>.text:strcpy</name>
         <load_address>0x3cb2</load_address>
         <run_address>0x3cb2</run_address>
         <size>0x14</size>
         <input_file_ref idref="fl-115"/>
      </object_component>
      <object_component id="oc-25c">
         <name>.text:strlen</name>
         <load_address>0x3cc6</load_address>
         <run_address>0x3cc6</run_address>
         <size>0x14</size>
         <input_file_ref idref="fl-ef"/>
      </object_component>
      <object_component id="oc-47">
         <name>.text:decompress:ZI:__TI_zero_init_nomemset:__TI_zero_init_nomemset</name>
         <load_address>0x3cda</load_address>
         <run_address>0x3cda</run_address>
         <size>0x12</size>
         <input_file_ref idref="fl-e1"/>
      </object_component>
      <object_component id="oc-291">
         <name>.text:wcslen</name>
         <load_address>0x3cec</load_address>
         <run_address>0x3cec</run_address>
         <size>0x12</size>
         <input_file_ref idref="fl-10a"/>
      </object_component>
      <object_component id="oc-18">
         <name>.text:decompress:none:__TI_decompress_none</name>
         <load_address>0x3cfe</load_address>
         <run_address>0x3cfe</run_address>
         <size>0xe</size>
         <input_file_ref idref="fl-e2"/>
      </object_component>
      <object_component id="oc-27">
         <name>.text</name>
         <load_address>0x3d0c</load_address>
         <run_address>0x3d0c</run_address>
         <size>0xc</size>
         <input_file_ref idref="fl-2"/>
      </object_component>
      <object_component id="oc-252">
         <name>.text:I2CMasterEnable</name>
         <load_address>0x3d18</load_address>
         <run_address>0x3d18</run_address>
         <size>0xa</size>
         <input_file_ref idref="fl-1f"/>
      </object_component>
      <object_component id="oc-1c6">
         <name>.text:_outc</name>
         <load_address>0x3d22</load_address>
         <run_address>0x3d22</run_address>
         <size>0xa</size>
         <input_file_ref idref="fl-ee"/>
      </object_component>
      <object_component id="oc-240">
         <name>.text:I2CMasterBusBusy</name>
         <load_address>0x3d2c</load_address>
         <run_address>0x3d2c</run_address>
         <size>0x8</size>
         <input_file_ref idref="fl-1f"/>
      </object_component>
      <object_component id="oc-23a">
         <name>.text:I2CMasterBusy</name>
         <load_address>0x3d34</load_address>
         <run_address>0x3d34</run_address>
         <size>0x8</size>
         <input_file_ref idref="fl-1f"/>
      </object_component>
      <object_component id="oc-216">
         <name>.text:I2CMasterSlaveAddrSet</name>
         <load_address>0x3d3c</load_address>
         <run_address>0x3d3c</run_address>
         <size>0x8</size>
         <input_file_ref idref="fl-1f"/>
      </object_component>
      <object_component id="oc-297">
         <name>.text:__aeabi_errno_addr</name>
         <load_address>0x3d44</load_address>
         <run_address>0x3d44</run_address>
         <size>0x8</size>
         <input_file_ref idref="fl-111"/>
      </object_component>
      <object_component id="oc-182">
         <name>.text:SysCtlDelay</name>
         <load_address>0x3d4c</load_address>
         <run_address>0x3d4c</run_address>
         <size>0x6</size>
         <input_file_ref idref="fl-22"/>
      </object_component>
      <object_component id="oc-e4">
         <name>.text:UARTClockSourceSet</name>
         <load_address>0x3d52</load_address>
         <run_address>0x3d52</run_address>
         <size>0x6</size>
         <input_file_ref idref="fl-23"/>
      </object_component>
      <object_component id="oc-222">
         <name>.text:I2CMasterControl</name>
         <load_address>0x3d58</load_address>
         <run_address>0x3d58</run_address>
         <size>0x4</size>
         <input_file_ref idref="fl-1f"/>
      </object_component>
      <object_component id="oc-228">
         <name>.text:I2CMasterDataGet</name>
         <load_address>0x3d5c</load_address>
         <run_address>0x3d5c</run_address>
         <size>0x4</size>
         <input_file_ref idref="fl-1f"/>
      </object_component>
      <object_component id="oc-21c">
         <name>.text:I2CMasterDataPut</name>
         <load_address>0x3d60</load_address>
         <run_address>0x3d60</run_address>
         <size>0x4</size>
         <input_file_ref idref="fl-1f"/>
      </object_component>
      <object_component id="oc-99">
         <name>.text:_system_pre_init</name>
         <load_address>0x3d64</load_address>
         <run_address>0x3d64</run_address>
         <size>0x4</size>
         <input_file_ref idref="fl-f4"/>
      </object_component>
      <object_component id="oc-116">
         <name>.text:abort:abort</name>
         <load_address>0x3d68</load_address>
         <run_address>0x3d68</run_address>
         <size>0x4</size>
         <input_file_ref idref="fl-e5"/>
      </object_component>
      <object_component id="oc-2f0">
         <name>.const:.string:_ctypes_</name>
         <load_address>0x3d6c</load_address>
         <run_address>0x3d6c</run_address>
         <size>0x101</size>
         <input_file_ref idref="fl-f9"/>
      </object_component>
      <object_component id="oc-156">
         <name>.const:g_pui32GPIOBaseAddrs</name>
         <load_address>0x3e70</load_address>
         <run_address>0x3e70</run_address>
         <size>0x90</size>
         <input_file_ref idref="fl-1e"/>
      </object_component>
      <object_component id="oc-24e">
         <name>.const:g_pui32Xtals</name>
         <load_address>0x3f00</load_address>
         <run_address>0x3f00</run_address>
         <size>0x6c</size>
         <input_file_ref idref="fl-22"/>
      </object_component>
      <object_component id="oc-211">
         <name>.const:.string</name>
         <load_address>0x3f6c</load_address>
         <run_address>0x3f6c</run_address>
         <size>0x12</size>
         <input_file_ref idref="fl-7"/>
      </object_component>
      <object_component id="oc-170">
         <name>.const:g_ui32UARTBase</name>
         <load_address>0x3f80</load_address>
         <run_address>0x3f80</run_address>
         <size>0xc</size>
         <input_file_ref idref="fl-7"/>
      </object_component>
      <object_component id="oc-16a">
         <name>.const:g_ui32UARTPeriph</name>
         <load_address>0x3f8c</load_address>
         <run_address>0x3f8c</run_address>
         <size>0xc</size>
         <input_file_ref idref="fl-7"/>
      </object_component>
      <object_component id="oc-107">
         <name>.const:$P$T0$1</name>
         <load_address>0x3f98</load_address>
         <run_address>0x3f98</run_address>
         <size>0x8</size>
         <input_file_ref idref="fl-14"/>
      </object_component>
      <object_component id="oc-178">
         <name>.const</name>
         <load_address>0x3fa0</load_address>
         <run_address>0x3fa0</run_address>
         <size>0x4</size>
         <input_file_ref idref="fl-7"/>
      </object_component>
      <object_component id="oc-536">
         <name>.cinit..data.load</name>
         <load_address>0x3fa8</load_address>
         <run_address>0x3fa8</run_address>
         <size>0x6f</size>
      </object_component>
      <object_component id="oc-534">
         <name>__TI_handler_table</name>
         <load_address>0x4018</load_address>
         <run_address>0x4018</run_address>
         <size>0xc</size>
      </object_component>
      <object_component id="oc-537">
         <name>.cinit..bss.load</name>
         <load_address>0x4028</load_address>
         <run_address>0x4028</run_address>
         <size>0x8</size>
      </object_component>
      <object_component id="oc-535">
         <name>__TI_cinit_table</name>
         <load_address>0x4030</load_address>
         <run_address>0x4030</run_address>
         <size>0x10</size>
      </object_component>
      <object_component id="oc-16d">
         <name>.data</name>
         <load_address>0x200009e8</load_address>
         <run_address>0x200009e8</run_address>
         <size>0x5</size>
         <input_file_ref idref="fl-7"/>
      </object_component>
      <object_component id="oc-1d3">
         <name>.data:$O1$$</name>
         <load_address>0x200009c8</load_address>
         <run_address>0x200009c8</run_address>
         <size>0xc</size>
         <input_file_ref idref="fl-e5"/>
      </object_component>
      <object_component id="oc-1d6">
         <name>.data:$O1$$</name>
         <load_address>0x200009e0</load_address>
         <run_address>0x200009e0</run_address>
         <size>0x8</size>
         <input_file_ref idref="fl-e6"/>
      </object_component>
      <object_component id="oc-2e0">
         <name>.data:_ftable</name>
         <load_address>0x20000800</load_address>
         <run_address>0x20000800</run_address>
         <size>0xf0</size>
         <input_file_ref idref="fl-e9"/>
      </object_component>
      <object_component id="oc-38c">
         <name>.data</name>
         <load_address>0x200009b8</load_address>
         <run_address>0x200009b8</run_address>
         <size>0x10</size>
         <input_file_ref idref="fl-e9"/>
      </object_component>
      <object_component id="oc-424">
         <name>.data:_device</name>
         <load_address>0x200008f0</load_address>
         <run_address>0x200008f0</run_address>
         <size>0x78</size>
         <input_file_ref idref="fl-f0"/>
      </object_component>
      <object_component id="oc-3e2">
         <name>.data:_stream</name>
         <load_address>0x20000968</load_address>
         <run_address>0x20000968</run_address>
         <size>0x50</size>
         <input_file_ref idref="fl-f0"/>
      </object_component>
      <object_component id="oc-34d">
         <name>.data</name>
         <load_address>0x200009f0</load_address>
         <run_address>0x200009f0</run_address>
         <size>0x4</size>
         <input_file_ref idref="fl-111"/>
      </object_component>
      <object_component id="oc-44b">
         <name>.data:$O1$$</name>
         <load_address>0x200009d4</load_address>
         <run_address>0x200009d4</run_address>
         <size>0xc</size>
         <input_file_ref idref="fl-112"/>
      </object_component>
      <object_component id="oc-4c9">
         <name>.bss:_CIOBUF_</name>
         <uninitialized>true</uninitialized>
         <run_address>0x200009f4</run_address>
         <size>0x120</size>
         <input_file_ref idref="fl-107"/>
      </object_component>
      <object_component id="oc-498">
         <name>.common:__TI_tmpnams</name>
         <uninitialized>true</uninitialized>
         <run_address>0x20000b14</run_address>
         <size>0xa0</size>
      </object_component>
      <object_component id="oc-4a7">
         <name>.common:parmbuf</name>
         <uninitialized>true</uninitialized>
         <run_address>0x20000bb4</run_address>
         <size>0x8</size>
      </object_component>
      <object_component id="oc-24">
         <name>.sysmem</name>
         <uninitialized>true</uninitialized>
         <run_address>0x20000bc0</run_address>
         <size>0x8</size>
         <input_file_ref idref="fl-112"/>
      </object_component>
      <object_component id="oc-539">
         <name>.sysmem</name>
         <uninitialized>true</uninitialized>
         <run_address>0x20000bc0</run_address>
         <size>0x0</size>
      </object_component>
      <object_component id="oc-21">
         <name>.stack</name>
         <uninitialized>true</uninitialized>
         <run_address>0x20000000</run_address>
         <size>0x4</size>
         <input_file_ref idref="fl-e4"/>
      </object_component>
      <object_component id="oc-538">
         <name>.stack</name>
         <uninitialized>true</uninitialized>
         <run_address>0x20000000</run_address>
         <size>0x0</size>
      </object_component>
      <object_component id="oc-2f">
         <name>.debug_info</name>
         <load_address>0x0</load_address>
         <run_address>0x0</run_address>
         <size>0x297</size>
         <input_file_ref idref="fl-2"/>
      </object_component>
      <object_component id="oc-10">
         <name>.debug_info</name>
         <load_address>0x297</load_address>
         <run_address>0x297</run_address>
         <size>0xd6</size>
         <input_file_ref idref="fl-2"/>
      </object_component>
      <object_component id="oc-28">
         <name>.debug_info</name>
         <load_address>0x36d</load_address>
         <run_address>0x36d</run_address>
         <size>0x252</size>
         <input_file_ref idref="fl-2"/>
      </object_component>
      <object_component id="oc-74">
         <name>.debug_info</name>
         <load_address>0x5bf</load_address>
         <run_address>0x5bf</run_address>
         <size>0x26b</size>
         <input_file_ref idref="fl-2"/>
      </object_component>
      <object_component id="oc-36">
         <name>.debug_info</name>
         <load_address>0x82a</load_address>
         <run_address>0x82a</run_address>
         <size>0x84</size>
         <input_file_ref idref="fl-2"/>
      </object_component>
      <object_component id="oc-bd">
         <name>.debug_info</name>
         <load_address>0x8ae</load_address>
         <run_address>0x8ae</run_address>
         <size>0x297</size>
         <input_file_ref idref="fl-2"/>
      </object_component>
      <object_component id="oc-1f8">
         <name>.debug_info</name>
         <load_address>0xb45</load_address>
         <run_address>0xb45</run_address>
         <size>0xef</size>
         <input_file_ref idref="fl-2"/>
      </object_component>
      <object_component id="oc-79">
         <name>.debug_info</name>
         <load_address>0xc34</load_address>
         <run_address>0xc34</run_address>
         <size>0xbb</size>
         <input_file_ref idref="fl-2"/>
      </object_component>
      <object_component id="oc-10b">
         <name>.debug_info</name>
         <load_address>0xcef</load_address>
         <run_address>0xcef</run_address>
         <size>0x8b</size>
         <input_file_ref idref="fl-6"/>
      </object_component>
      <object_component id="oc-c9">
         <name>.debug_info</name>
         <load_address>0xd7a</load_address>
         <run_address>0xd7a</run_address>
         <size>0x2c</size>
         <input_file_ref idref="fl-6"/>
      </object_component>
      <object_component id="oc-17c">
         <name>.debug_info</name>
         <load_address>0xda6</load_address>
         <run_address>0xda6</run_address>
         <size>0x29f</size>
         <input_file_ref idref="fl-7"/>
      </object_component>
      <object_component id="oc-16e">
         <name>.debug_info</name>
         <load_address>0x1045</load_address>
         <run_address>0x1045</run_address>
         <size>0xe0</size>
         <input_file_ref idref="fl-7"/>
      </object_component>
      <object_component id="oc-179">
         <name>.debug_info</name>
         <load_address>0x1125</load_address>
         <run_address>0x1125</run_address>
         <size>0xda</size>
         <input_file_ref idref="fl-7"/>
      </object_component>
      <object_component id="oc-171">
         <name>.debug_info</name>
         <load_address>0x11ff</load_address>
         <run_address>0x11ff</run_address>
         <size>0xe8</size>
         <input_file_ref idref="fl-7"/>
      </object_component>
      <object_component id="oc-16b">
         <name>.debug_info</name>
         <load_address>0x12e7</load_address>
         <run_address>0x12e7</run_address>
         <size>0xec</size>
         <input_file_ref idref="fl-7"/>
      </object_component>
      <object_component id="oc-eb">
         <name>.debug_info</name>
         <load_address>0x13d3</load_address>
         <run_address>0x13d3</run_address>
         <size>0x870</size>
         <input_file_ref idref="fl-7"/>
      </object_component>
      <object_component id="oc-17d">
         <name>.debug_info</name>
         <load_address>0x1c43</load_address>
         <run_address>0x1c43</run_address>
         <size>0x2c</size>
         <input_file_ref idref="fl-7"/>
      </object_component>
      <object_component id="oc-1b8">
         <name>.debug_info</name>
         <load_address>0x1c6f</load_address>
         <run_address>0x1c6f</run_address>
         <size>0x57c</size>
         <input_file_ref idref="fl-12"/>
      </object_component>
      <object_component id="oc-f7">
         <name>.debug_info</name>
         <load_address>0x21eb</load_address>
         <run_address>0x21eb</run_address>
         <size>0xbaf</size>
         <input_file_ref idref="fl-12"/>
      </object_component>
      <object_component id="oc-110">
         <name>.debug_info</name>
         <load_address>0x2d9a</load_address>
         <run_address>0x2d9a</run_address>
         <size>0xcb</size>
         <input_file_ref idref="fl-12"/>
      </object_component>
      <object_component id="oc-247">
         <name>.debug_info</name>
         <load_address>0x2e65</load_address>
         <run_address>0x2e65</run_address>
         <size>0x3f6</size>
         <input_file_ref idref="fl-13"/>
      </object_component>
      <object_component id="oc-185">
         <name>.debug_info</name>
         <load_address>0x325b</load_address>
         <run_address>0x325b</run_address>
         <size>0xa19</size>
         <input_file_ref idref="fl-13"/>
      </object_component>
      <object_component id="oc-115">
         <name>.debug_info</name>
         <load_address>0x3c74</load_address>
         <run_address>0x3c74</run_address>
         <size>0x4d9</size>
         <input_file_ref idref="fl-14"/>
      </object_component>
      <object_component id="oc-108">
         <name>.debug_info</name>
         <load_address>0x414d</load_address>
         <run_address>0x414d</run_address>
         <size>0xbb</size>
         <input_file_ref idref="fl-14"/>
      </object_component>
      <object_component id="oc-a0">
         <name>.debug_info</name>
         <load_address>0x4208</load_address>
         <run_address>0x4208</run_address>
         <size>0x388</size>
         <input_file_ref idref="fl-14"/>
      </object_component>
      <object_component id="oc-15a">
         <name>.debug_info</name>
         <load_address>0x4590</load_address>
         <run_address>0x4590</run_address>
         <size>0x366</size>
         <input_file_ref idref="fl-1e"/>
      </object_component>
      <object_component id="oc-157">
         <name>.debug_info</name>
         <load_address>0x48f6</load_address>
         <run_address>0x48f6</run_address>
         <size>0xe6</size>
         <input_file_ref idref="fl-1e"/>
      </object_component>
      <object_component id="oc-15c">
         <name>.debug_info</name>
         <load_address>0x49dc</load_address>
         <run_address>0x49dc</run_address>
         <size>0x1c4</size>
         <input_file_ref idref="fl-1e"/>
      </object_component>
      <object_component id="oc-162">
         <name>.debug_info</name>
         <load_address>0x4ba0</load_address>
         <run_address>0x4ba0</run_address>
         <size>0x227</size>
         <input_file_ref idref="fl-1e"/>
      </object_component>
      <object_component id="oc-df">
         <name>.debug_info</name>
         <load_address>0x4dc7</load_address>
         <run_address>0x4dc7</run_address>
         <size>0x1a3</size>
         <input_file_ref idref="fl-1e"/>
      </object_component>
      <object_component id="oc-1a1">
         <name>.debug_info</name>
         <load_address>0x4f6a</load_address>
         <run_address>0x4f6a</run_address>
         <size>0x1a7</size>
         <input_file_ref idref="fl-1e"/>
      </object_component>
      <object_component id="oc-1a7">
         <name>.debug_info</name>
         <load_address>0x5111</load_address>
         <run_address>0x5111</run_address>
         <size>0x1a1</size>
         <input_file_ref idref="fl-1e"/>
      </object_component>
      <object_component id="oc-da">
         <name>.debug_info</name>
         <load_address>0x52b2</load_address>
         <run_address>0x52b2</run_address>
         <size>0x191</size>
         <input_file_ref idref="fl-1e"/>
      </object_component>
      <object_component id="oc-259">
         <name>.debug_info</name>
         <load_address>0x5443</load_address>
         <run_address>0x5443</run_address>
         <size>0x357</size>
         <input_file_ref idref="fl-1f"/>
      </object_component>
      <object_component id="oc-217">
         <name>.debug_info</name>
         <load_address>0x579a</load_address>
         <run_address>0x579a</run_address>
         <size>0x1df</size>
         <input_file_ref idref="fl-1f"/>
      </object_component>
      <object_component id="oc-253">
         <name>.debug_info</name>
         <load_address>0x5979</load_address>
         <run_address>0x5979</run_address>
         <size>0x15f</size>
         <input_file_ref idref="fl-1f"/>
      </object_component>
      <object_component id="oc-1b2">
         <name>.debug_info</name>
         <load_address>0x5ad8</load_address>
         <run_address>0x5ad8</run_address>
         <size>0x1f9</size>
         <input_file_ref idref="fl-1f"/>
      </object_component>
      <object_component id="oc-22f">
         <name>.debug_info</name>
         <load_address>0x5cd1</load_address>
         <run_address>0x5cd1</run_address>
         <size>0x17a</size>
         <input_file_ref idref="fl-1f"/>
      </object_component>
      <object_component id="oc-21d">
         <name>.debug_info</name>
         <load_address>0x5e4b</load_address>
         <run_address>0x5e4b</run_address>
         <size>0x18f</size>
         <input_file_ref idref="fl-1f"/>
      </object_component>
      <object_component id="oc-229">
         <name>.debug_info</name>
         <load_address>0x5fda</load_address>
         <run_address>0x5fda</run_address>
         <size>0x165</size>
         <input_file_ref idref="fl-1f"/>
      </object_component>
      <object_component id="oc-223">
         <name>.debug_info</name>
         <load_address>0x613f</load_address>
         <run_address>0x613f</run_address>
         <size>0x18f</size>
         <input_file_ref idref="fl-1f"/>
      </object_component>
      <object_component id="oc-23b">
         <name>.debug_info</name>
         <load_address>0x62ce</load_address>
         <run_address>0x62ce</run_address>
         <size>0x15f</size>
         <input_file_ref idref="fl-1f"/>
      </object_component>
      <object_component id="oc-241">
         <name>.debug_info</name>
         <load_address>0x642d</load_address>
         <run_address>0x642d</run_address>
         <size>0x165</size>
         <input_file_ref idref="fl-1f"/>
      </object_component>
      <object_component id="oc-155">
         <name>.debug_info</name>
         <load_address>0x6592</load_address>
         <run_address>0x6592</run_address>
         <size>0x3c3</size>
         <input_file_ref idref="fl-22"/>
      </object_component>
      <object_component id="oc-24f">
         <name>.debug_info</name>
         <load_address>0x6955</load_address>
         <run_address>0x6955</run_address>
         <size>0xd8</size>
         <input_file_ref idref="fl-22"/>
      </object_component>
      <object_component id="oc-d3">
         <name>.debug_info</name>
         <load_address>0x6a2d</load_address>
         <run_address>0x6a2d</run_address>
         <size>0x190</size>
         <input_file_ref idref="fl-22"/>
      </object_component>
      <object_component id="oc-19a">
         <name>.debug_info</name>
         <load_address>0x6bbd</load_address>
         <run_address>0x6bbd</run_address>
         <size>0x18e</size>
         <input_file_ref idref="fl-22"/>
      </object_component>
      <object_component id="oc-f1">
         <name>.debug_info</name>
         <load_address>0x6d4b</load_address>
         <run_address>0x6d4b</run_address>
         <size>0x1ec</size>
         <input_file_ref idref="fl-22"/>
      </object_component>
      <object_component id="oc-1ac">
         <name>.debug_info</name>
         <load_address>0x6f37</load_address>
         <run_address>0x6f37</run_address>
         <size>0x1c6</size>
         <input_file_ref idref="fl-22"/>
      </object_component>
      <object_component id="oc-1f4">
         <name>.debug_info</name>
         <load_address>0x70fd</load_address>
         <run_address>0x70fd</run_address>
         <size>0x51</size>
         <input_file_ref idref="fl-22"/>
      </object_component>
      <object_component id="oc-169">
         <name>.debug_info</name>
         <load_address>0x714e</load_address>
         <run_address>0x714e</run_address>
         <size>0x34d</size>
         <input_file_ref idref="fl-23"/>
      </object_component>
      <object_component id="oc-e5">
         <name>.debug_info</name>
         <load_address>0x749b</load_address>
         <run_address>0x749b</run_address>
         <size>0x1a2</size>
         <input_file_ref idref="fl-23"/>
      </object_component>
      <object_component id="oc-94">
         <name>.debug_info</name>
         <load_address>0x763d</load_address>
         <run_address>0x763d</run_address>
         <size>0x14a</size>
         <input_file_ref idref="fl-da"/>
      </object_component>
      <object_component id="oc-174">
         <name>.debug_info</name>
         <load_address>0x7787</load_address>
         <run_address>0x7787</run_address>
         <size>0x145</size>
         <input_file_ref idref="fl-db"/>
      </object_component>
      <object_component id="oc-190">
         <name>.debug_info</name>
         <load_address>0x78cc</load_address>
         <run_address>0x78cc</run_address>
         <size>0x14f</size>
         <input_file_ref idref="fl-dc"/>
      </object_component>
      <object_component id="oc-18b">
         <name>.debug_info</name>
         <load_address>0x7a1b</load_address>
         <run_address>0x7a1b</run_address>
         <size>0x13d</size>
         <input_file_ref idref="fl-dd"/>
      </object_component>
      <object_component id="oc-195">
         <name>.debug_info</name>
         <load_address>0x7b58</load_address>
         <run_address>0x7b58</run_address>
         <size>0x141</size>
         <input_file_ref idref="fl-de"/>
      </object_component>
      <object_component id="oc-fd">
         <name>.debug_info</name>
         <load_address>0x7c99</load_address>
         <run_address>0x7c99</run_address>
         <size>0x12f</size>
         <input_file_ref idref="fl-df"/>
      </object_component>
      <object_component id="oc-92">
         <name>.debug_info</name>
         <load_address>0x7dc8</load_address>
         <run_address>0x7dc8</run_address>
         <size>0x31e</size>
         <input_file_ref idref="fl-e1"/>
      </object_component>
      <object_component id="oc-48">
         <name>.debug_info</name>
         <load_address>0x80e6</load_address>
         <run_address>0x80e6</run_address>
         <size>0x1bf</size>
         <input_file_ref idref="fl-e1"/>
      </object_component>
      <object_component id="oc-8d">
         <name>.debug_info</name>
         <load_address>0x82a5</load_address>
         <run_address>0x82a5</run_address>
         <size>0x46</size>
         <input_file_ref idref="fl-e1"/>
      </object_component>
      <object_component id="oc-46">
         <name>.debug_info</name>
         <load_address>0x82eb</load_address>
         <run_address>0x82eb</run_address>
         <size>0x2a8</size>
         <input_file_ref idref="fl-e2"/>
      </object_component>
      <object_component id="oc-19">
         <name>.debug_info</name>
         <load_address>0x8593</load_address>
         <run_address>0x8593</run_address>
         <size>0x1ea</size>
         <input_file_ref idref="fl-e2"/>
      </object_component>
      <object_component id="oc-41">
         <name>.debug_info</name>
         <load_address>0x877d</load_address>
         <run_address>0x877d</run_address>
         <size>0x46</size>
         <input_file_ref idref="fl-e2"/>
      </object_component>
      <object_component id="oc-85">
         <name>.debug_info</name>
         <load_address>0x87c3</load_address>
         <run_address>0x87c3</run_address>
         <size>0x2c</size>
         <input_file_ref idref="fl-e2"/>
      </object_component>
      <object_component id="oc-83">
         <name>.debug_info</name>
         <load_address>0x87ef</load_address>
         <run_address>0x87ef</run_address>
         <size>0x29e</size>
         <input_file_ref idref="fl-e3"/>
      </object_component>
      <object_component id="oc-13">
         <name>.debug_info</name>
         <load_address>0x8a8d</load_address>
         <run_address>0x8a8d</run_address>
         <size>0x250</size>
         <input_file_ref idref="fl-e3"/>
      </object_component>
      <object_component id="oc-31">
         <name>.debug_info</name>
         <load_address>0x8cdd</load_address>
         <run_address>0x8cdd</run_address>
         <size>0x60</size>
         <input_file_ref idref="fl-e3"/>
      </object_component>
      <object_component id="oc-c2">
         <name>.debug_info</name>
         <load_address>0x8d3d</load_address>
         <run_address>0x8d3d</run_address>
         <size>0x46</size>
         <input_file_ref idref="fl-e3"/>
      </object_component>
      <object_component id="oc-7e">
         <name>.debug_info</name>
         <load_address>0x8d83</load_address>
         <run_address>0x8d83</run_address>
         <size>0x39</size>
         <input_file_ref idref="fl-e3"/>
      </object_component>
      <object_component id="oc-22">
         <name>.debug_info</name>
         <load_address>0x8dbc</load_address>
         <run_address>0x8dbc</run_address>
         <size>0x10b</size>
         <input_file_ref idref="fl-e4"/>
      </object_component>
      <object_component id="oc-5a">
         <name>.debug_info</name>
         <load_address>0x8ec7</load_address>
         <run_address>0x8ec7</run_address>
         <size>0x1af</size>
         <input_file_ref idref="fl-e4"/>
      </object_component>
      <object_component id="oc-1da">
         <name>.debug_info</name>
         <load_address>0x9076</load_address>
         <run_address>0x9076</run_address>
         <size>0x3ad</size>
         <input_file_ref idref="fl-e5"/>
      </object_component>
      <object_component id="oc-1d4">
         <name>.debug_info</name>
         <load_address>0x9423</load_address>
         <run_address>0x9423</run_address>
         <size>0x190</size>
         <input_file_ref idref="fl-e5"/>
      </object_component>
      <object_component id="oc-117">
         <name>.debug_info</name>
         <load_address>0x95b3</load_address>
         <run_address>0x95b3</run_address>
         <size>0x122</size>
         <input_file_ref idref="fl-e5"/>
      </object_component>
      <object_component id="oc-11d">
         <name>.debug_info</name>
         <load_address>0x96d5</load_address>
         <run_address>0x96d5</run_address>
         <size>0x184</size>
         <input_file_ref idref="fl-e5"/>
      </object_component>
      <object_component id="oc-2b7">
         <name>.debug_info</name>
         <load_address>0x9859</load_address>
         <run_address>0x9859</run_address>
         <size>0x2c9</size>
         <input_file_ref idref="fl-e6"/>
      </object_component>
      <object_component id="oc-1d7">
         <name>.debug_info</name>
         <load_address>0x9b22</load_address>
         <run_address>0x9b22</run_address>
         <size>0x11e</size>
         <input_file_ref idref="fl-e6"/>
      </object_component>
      <object_component id="oc-2b0">
         <name>.debug_info</name>
         <load_address>0x9c40</load_address>
         <run_address>0x9c40</run_address>
         <size>0x12e</size>
         <input_file_ref idref="fl-e6"/>
      </object_component>
      <object_component id="oc-2e4">
         <name>.debug_info</name>
         <load_address>0x9d6e</load_address>
         <run_address>0x9d6e</run_address>
         <size>0x322</size>
         <input_file_ref idref="fl-e8"/>
      </object_component>
      <object_component id="oc-235">
         <name>.debug_info</name>
         <load_address>0xa090</load_address>
         <run_address>0xa090</run_address>
         <size>0x177</size>
         <input_file_ref idref="fl-e8"/>
      </object_component>
      <object_component id="oc-397">
         <name>.debug_info</name>
         <load_address>0xa207</load_address>
         <run_address>0xa207</run_address>
         <size>0xb2</size>
         <input_file_ref idref="fl-e8"/>
      </object_component>
      <object_component id="oc-393">
         <name>.debug_info</name>
         <load_address>0xa2b9</load_address>
         <run_address>0xa2b9</run_address>
         <size>0x144</size>
         <input_file_ref idref="fl-e9"/>
      </object_component>
      <object_component id="oc-2e1">
         <name>.debug_info</name>
         <load_address>0xa3fd</load_address>
         <run_address>0xa3fd</run_address>
         <size>0x102</size>
         <input_file_ref idref="fl-e9"/>
      </object_component>
      <object_component id="oc-38d">
         <name>.debug_info</name>
         <load_address>0xa4ff</load_address>
         <run_address>0xa4ff</run_address>
         <size>0x18f</size>
         <input_file_ref idref="fl-e9"/>
      </object_component>
      <object_component id="oc-390">
         <name>.debug_info</name>
         <load_address>0xa68e</load_address>
         <run_address>0xa68e</run_address>
         <size>0x347</size>
         <input_file_ref idref="fl-ea"/>
      </object_component>
      <object_component id="oc-37f">
         <name>.debug_info</name>
         <load_address>0xa9d5</load_address>
         <run_address>0xa9d5</run_address>
         <size>0x18a</size>
         <input_file_ref idref="fl-ea"/>
      </object_component>
      <object_component id="oc-2db">
         <name>.debug_info</name>
         <load_address>0xab5f</load_address>
         <run_address>0xab5f</run_address>
         <size>0x1c8</size>
         <input_file_ref idref="fl-ea"/>
      </object_component>
      <object_component id="oc-38b">
         <name>.debug_info</name>
         <load_address>0xad27</load_address>
         <run_address>0xad27</run_address>
         <size>0x3fc</size>
         <input_file_ref idref="fl-eb"/>
      </object_component>
      <object_component id="oc-2d5">
         <name>.debug_info</name>
         <load_address>0xb123</load_address>
         <run_address>0xb123</run_address>
         <size>0x2e2</size>
         <input_file_ref idref="fl-eb"/>
      </object_component>
      <object_component id="oc-3e0">
         <name>.debug_info</name>
         <load_address>0xb405</load_address>
[...]
      </symbol>
      <symbol id="sm-1c6">
         <name>GPIOPinTypeI2CSCL</name>
         <value>0x3c47</value>
         <object_component_ref idref="oc-19f"/>
      </symbol>
      <symbol id="sm-1c7">
         <name>GPIOPinTypeI2C</name>
         <value>0x3c31</value>
         <object_component_ref idref="oc-1a5"/>
      </symbol>
      <symbol id="sm-1c8">
         <name>GPIOPinTypeUART</name>
         <value>0x3c5d</value>
         <object_component_ref idref="oc-de"/>
      </symbol>
      <symbol id="sm-1c9">
         <name>GPIODirModeSet</name>
         <value>0x3ad7</value>
         <object_component_ref idref="oc-15b"/>
      </symbol>
      <symbol id="sm-1ca">
         <name>GPIOPadConfigSet</name>
         <value>0x210f</value>
         <object_component_ref idref="oc-161"/>
      </symbol>
      <symbol id="sm-21e">
         <name>I2CMasterBusBusy</name>
         <value>0x3d2d</value>
         <object_component_ref idref="oc-240"/>
      </symbol>
      <symbol id="sm-21f">
         <name>I2CMasterDataPut</name>
         <value>0x3d61</value>
         <object_component_ref idref="oc-21c"/>
      </symbol>
      <symbol id="sm-220">
         <name>I2CMasterInitExpClk</name>
         <value>0x350d</value>
         <object_component_ref idref="oc-1b1"/>
      </symbol>
      <symbol id="sm-221">
         <name>I2CMasterSlaveAddrSet</name>
         <value>0x3d3d</value>
         <object_component_ref idref="oc-216"/>
      </symbol>
      <symbol id="sm-222">
         <name>I2CMasterDataGet</name>
         <value>0x3d5d</value>
         <object_component_ref idref="oc-228"/>
      </symbol>
      <symbol id="sm-223">
         <name>I2CMasterErr</name>
         <value>0x3c73</value>
         <object_component_ref idref="oc-22e"/>
      </symbol>
      <symbol id="sm-224">
         <name>I2CMasterControl</name>
         <value>0x3d59</value>
         <object_component_ref idref="oc-222"/>
      </symbol>
      <symbol id="sm-225">
         <name>I2CMasterBusy</name>
         <value>0x3d35</value>
         <object_component_ref idref="oc-23a"/>
      </symbol>
      <symbol id="sm-226">
         <name>I2CMasterEnable</name>
         <value>0x3d19</value>
         <object_component_ref idref="oc-252"/>
      </symbol>
      <symbol id="sm-286">
         <name>SysCtlClockSet</name>
         <value>0x279d</value>
         <object_component_ref idref="oc-f0"/>
      </symbol>
      <symbol id="sm-287">
         <name>SysCtlDelay</name>
         <value>0x3d4d</value>
         <object_component_ref idref="oc-182"/>
      </symbol>
      <symbol id="sm-288">
         <name>SysCtlPeripheralEnable</name>
         <value>0x39dd</value>
         <object_component_ref idref="oc-199"/>
      </symbol>
      <symbol id="sm-289">
         <name>SysCtlClockGet</name>
         <value>0x2365</value>
         <object_component_ref idref="oc-1ab"/>
      </symbol>
      <symbol id="sm-28a">
         <name>SysCtlPeripheralReady</name>
         <value>0x388d</value>
         <object_component_ref idref="oc-d2"/>
      </symbol>
      <symbol id="sm-297">
         <name>UARTClockSourceSet</name>
         <value>0x3d53</value>
         <object_component_ref idref="oc-e4"/>
      </symbol>
      <symbol id="sm-2a7">
         <name>__aeabi_memset</name>
         <value>0x2db3</value>
         <object_component_ref idref="oc-93"/>
      </symbol>
      <symbol id="sm-2a8">
         <name>memset</name>
         <value>0x2db9</value>
         <object_component_ref idref="oc-93"/>
      </symbol>
      <symbol id="sm-2a9">
         <name>__aeabi_memset8</name>
         <value>0x2db3</value>
         <object_component_ref idref="oc-93"/>
      </symbol>
      <symbol id="sm-2aa">
         <name>__aeabi_memset4</name>
         <value>0x2db3</value>
         <object_component_ref idref="oc-93"/>
      </symbol>
      <symbol id="sm-2ab">
         <name>__aeabi_memclr8</name>
         <value>0x2db1</value>
         <object_component_ref idref="oc-93"/>
      </symbol>
      <symbol id="sm-2ac">
         <name>__aeabi_memclr4</name>
         <value>0x2db1</value>
         <object_component_ref idref="oc-93"/>
      </symbol>
      <symbol id="sm-2ad">
         <name>__aeabi_memclr</name>
         <value>0x2db1</value>
         <object_component_ref idref="oc-93"/>
      </symbol>
      <symbol id="sm-2bc">
         <name>__aeabi_uidivmod</name>
         <value>0x3791</value>
         <object_component_ref idref="oc-173"/>
      </symbol>
      <symbol id="sm-2bd">
         <name>__aeabi_uidiv</name>
         <value>0x3791</value>
         <object_component_ref idref="oc-173"/>
      </symbol>
      <symbol id="sm-2d4">
         <name>__aeabi_dsub</name>
         <value>0x1ba9</value>
         <object_component_ref idref="oc-18f"/>
      </symbol>
      <symbol id="sm-2d5">
         <name>__aeabi_dadd</name>
         <value>0x1bb3</value>
         <object_component_ref idref="oc-18f"/>
      </symbol>
      <symbol id="sm-2e0">
         <name>__aeabi_dmul</name>
         <value>0x26a1</value>
         <object_component_ref idref="oc-18a"/>
      </symbol>
      <symbol id="sm-2ec">
         <name>__aeabi_d2f</name>
         <value>0x2f87</value>
         <object_component_ref idref="oc-194"/>
      </symbol>
      <symbol id="sm-2f7">
         <name>__aeabi_f2d</name>
         <value>0x396d</value>
         <object_component_ref idref="oc-fc"/>
      </symbol>
      <symbol id="sm-30c">
         <name>__TI_zero_init_nomemset</name>
         <value>0x3cdb</value>
         <object_component_ref idref="oc-47"/>
      </symbol>
      <symbol id="sm-323">
         <name>__TI_decompress_none</name>
         <value>0x3cff</value>
         <object_component_ref idref="oc-18"/>
      </symbol>
      <symbol id="sm-346">
         <name>__TI_decompress_lzss</name>
         <value>0x30c5</value>
         <object_component_ref idref="oc-12"/>
      </symbol>
      <symbol id="sm-359">
         <name>__stack</name>
         <value>0x20000000</value>
         <object_component_ref idref="oc-21"/>
      </symbol>
      <symbol id="sm-35a">
         <name>_c_int00_noargs</name>
         <value>0x38fd</value>
         <object_component_ref idref="oc-59"/>
      </symbol>
      <symbol id="sm-380">
         <name>C$$EXIT</name>
         <value>0x3d69</value>
         <object_component_ref idref="oc-116"/>
      </symbol>
      <symbol id="sm-381">
         <name>abort</name>
         <value>0x3d69</value>
         <object_component_ref idref="oc-116"/>
      </symbol>
      <symbol id="sm-382">
         <name>__TI_dtors_ptr</name>
         <value>0x200009cc</value>
         <object_component_ref idref="oc-1d3"/>
      </symbol>
      <symbol id="sm-383">
         <name>__TI_cleanup_ptr</name>
         <value>0x200009c8</value>
         <object_component_ref idref="oc-1d3"/>
      </symbol>
      <symbol id="sm-384">
         <name>__TI_enable_exit_profile_output</name>
         <value>0x200009d0</value>
         <object_component_ref idref="oc-1d3"/>
      </symbol>
      <symbol id="sm-385">
         <name>exit</name>
         <value>0x35f1</value>
         <object_component_ref idref="oc-11c"/>
      </symbol>
      <symbol id="sm-39a">
         <name>_nop</name>
         <value>0xccb</value>
         <object_component_ref idref="oc-2af"/>
      </symbol>
      <symbol id="sm-39b">
         <name>_lock</name>
         <value>0x200009e0</value>
         <object_component_ref idref="oc-1d6"/>
      </symbol>
      <symbol id="sm-39c">
         <name>_unlock</name>
         <value>0x200009e4</value>
         <object_component_ref idref="oc-1d6"/>
      </symbol>
      <symbol id="sm-3b1">
         <name>_abort_msg</name>
         <value>0x3bc9</value>
         <object_component_ref idref="oc-234"/>
      </symbol>
      <symbol id="sm-3c6">
         <name>__TI_tmpnams</name>
         <value>0x20000b14</value>
      </symbol>
      <symbol id="sm-3c7">
         <name>__aeabi_stdout</name>
         <value>0x200009c0</value>
         <object_component_ref idref="oc-38c"/>
      </symbol>
      <symbol id="sm-3c8">
         <name>__aeabi_stderr</name>
         <value>0x200009c4</value>
         <object_component_ref idref="oc-38c"/>
      </symbol>
      <symbol id="sm-3c9">
         <name>__aeabi_stdin</name>
         <value>0x200009bc</value>
         <object_component_ref idref="oc-38c"/>
      </symbol>
      <symbol id="sm-3ca">
         <name>_ftable</name>
         <value>0x20000800</value>
         <object_component_ref idref="oc-2e0"/>
      </symbol>
      <symbol id="sm-3cb">
         <name>__TI_ft_end</name>
         <value>0x200009b8</value>
         <object_component_ref idref="oc-38c"/>
      </symbol>
      <symbol id="sm-3ec">
         <name>__TI_doflush</name>
         <value>0x3559</value>
         <object_component_ref idref="oc-37e"/>
      </symbol>
      <symbol id="sm-3ed">
         <name>fflush</name>
         <value>0x2d35</value>
         <object_component_ref idref="oc-2da"/>
      </symbol>
      <symbol id="sm-40b">
         <name>fputs</name>
         <value>0x247d</value>
         <object_component_ref idref="oc-2d4"/>
      </symbol>
      <symbol id="sm-41c">
         <name>memchr</name>
         <value>0x3ba9</value>
         <object_component_ref idref="oc-378"/>
      </symbol>
      <symbol id="sm-443">
         <name>sprintf</name>
         <value>0x37d1</value>
         <object_component_ref idref="oc-101"/>
      </symbol>
      <symbol id="sm-451">
         <name>strlen</name>
         <value>0x3cc7</value>
         <object_component_ref idref="oc-25c"/>
      </symbol>
      <symbol id="sm-477">
         <name>_stream</name>
         <value>0x20000968</value>
         <object_component_ref idref="oc-3e2"/>
      </symbol>
      <symbol id="sm-478">
         <name>_device</name>
         <value>0x200008f0</value>
         <object_component_ref idref="oc-424"/>
      </symbol>
      <symbol id="sm-479">
         <name>write</name>
         <value>0x3b81</value>
         <object_component_ref idref="oc-384"/>
      </symbol>
      <symbol id="sm-483">
         <name>__aeabi_idiv0</name>
         <value>0x1767</value>
         <object_component_ref idref="oc-20b"/>
      </symbol>
      <symbol id="sm-484">
         <name>__aeabi_ldiv0</name>
         <value>0x1767</value>
         <object_component_ref idref="oc-20b"/>
      </symbol>
      <symbol id="sm-49f">
         <name>memcpy</name>
         <value>0x2af7</value>
         <object_component_ref idref="oc-3b"/>
      </symbol>
      <symbol id="sm-4a0">
         <name>__aeabi_memcpy</name>
         <value>0x2af7</value>
         <object_component_ref idref="oc-3b"/>
      </symbol>
      <symbol id="sm-4a1">
         <name>__aeabi_memcpy8</name>
         <value>0x2af7</value>
         <object_component_ref idref="oc-3b"/>
      </symbol>
      <symbol id="sm-4a2">
         <name>__aeabi_memcpy4</name>
         <value>0x2af7</value>
         <object_component_ref idref="oc-3b"/>
      </symbol>
      <symbol id="sm-4ca">
         <name>__TI_auto_init_nobinit_nopinit</name>
         <value>0x3709</value>
         <object_component_ref idref="oc-122"/>
      </symbol>
      <symbol id="sm-4d4">
         <name>_system_pre_init</name>
         <value>0x3d65</value>
         <object_component_ref idref="oc-99"/>
      </symbol>
      <symbol id="sm-4ed">
         <name>__TI_wrt_ok</name>
         <value>0x31f5</value>
         <object_component_ref idref="oc-372"/>
      </symbol>
      <symbol id="sm-652">
         <name>__TI_printfi</name>
         <value>0x26d</value>
         <object_component_ref idref="oc-1ba"/>
      </symbol>
      <symbol id="sm-668">
         <name>atoi</name>
         <value>0x35a5</value>
         <object_component_ref idref="oc-262"/>
      </symbol>
      <symbol id="sm-673">
         <name>_ctypes_</name>
         <value>0x3d6c</value>
         <object_component_ref idref="oc-2f0"/>
      </symbol>
      <symbol id="sm-685">
         <name>fseek</name>
         <value>0x3191</value>
         <object_component_ref idref="oc-3d1"/>
      </symbol>
      <symbol id="sm-695">
         <name>lseek</name>
         <value>0x3b31</value>
         <object_component_ref idref="oc-3ff"/>
      </symbol>
      <symbol id="sm-6a4">
         <name>ltoa</name>
         <value>0x341b</value>
         <object_component_ref idref="oc-30b"/>
      </symbol>
      <symbol id="sm-6b4">
         <name>memccpy</name>
         <value>0x3be5</value>
         <object_component_ref idref="oc-28b"/>
      </symbol>
      <symbol id="sm-6d0">
         <name>setvbuf</name>
         <value>0x2891</value>
         <object_component_ref idref="oc-3d7"/>
      </symbol>
      <symbol id="sm-6e0">
         <name>strchr</name>
         <value>0x3c89</value>
         <object_component_ref idref="oc-33d"/>
      </symbol>
      <symbol id="sm-6f1">
         <name>HOSTclose</name>
         <value>0x3681</value>
         <object_component_ref idref="oc-45f"/>
      </symbol>
      <symbol id="sm-702">
         <name>HOSTlseek</name>
         <value>0x2ff5</value>
         <object_component_ref idref="oc-471"/>
      </symbol>
      <symbol id="sm-714">
         <name>parmbuf</name>
         <value>0x20000bb4</value>
      </symbol>
      <symbol id="sm-715">
         <name>HOSTopen</name>
         <value>0x3259</value>
         <object_component_ref idref="oc-459"/>
      </symbol>
      <symbol id="sm-726">
         <name>HOSTread</name>
         <value>0x3315</value>
         <object_component_ref idref="oc-465"/>
      </symbol>
      <symbol id="sm-737">
         <name>HOSTrename</name>
         <value>0x305d</value>
         <object_component_ref idref="oc-47d"/>
      </symbol>
      <symbol id="sm-748">
         <name>HOSTunlink</name>
         <value>0x36c5</value>
         <object_component_ref idref="oc-477"/>
      </symbol>
      <symbol id="sm-759">
         <name>HOSTwrite</name>
         <value>0x336d</value>
         <object_component_ref idref="oc-46b"/>
      </symbol>
      <symbol id="sm-77d">
         <name>__TI_readmsg</name>
         <value>0x3a45</value>
         <object_component_ref idref="oc-4a1"/>
      </symbol>
      <symbol id="sm-77e">
         <name>C$$IO$$</name>
         <value>0x38f3</value>
         <object_component_ref idref="oc-49b"/>
      </symbol>
      <symbol id="sm-77f">
         <name>__CIOBUF_</name>
         <value>0x200009f4</value>
         <object_component_ref idref="oc-4c9"/>
      </symbol>
      <symbol id="sm-780">
         <name>__TI_writemsg</name>
         <value>0x38c5</value>
         <object_component_ref idref="oc-49b"/>
      </symbol>
      <symbol id="sm-7a0">
         <name>frexpl</name>
         <value>0x312d</value>
         <object_component_ref idref="oc-331"/>
      </symbol>
      <symbol id="sm-7a1">
         <name>frexp</name>
         <value>0x312d</value>
         <object_component_ref idref="oc-331"/>
      </symbol>
      <symbol id="sm-7be">
         <name>scalbn</name>
         <value>0x2591</value>
         <object_component_ref idref="oc-337"/>
      </symbol>
      <symbol id="sm-7bf">
         <name>scalbnl</name>
         <value>0x2591</value>
         <object_component_ref idref="oc-337"/>
      </symbol>
      <symbol id="sm-7c0">
         <name>ldexpl</name>
         <value>0x2591</value>
         <object_component_ref idref="oc-337"/>
      </symbol>
      <symbol id="sm-7c1">
         <name>ldexp</name>
         <value>0x2591</value>
         <object_component_ref idref="oc-337"/>
      </symbol>
      <symbol id="sm-7da">
         <name>wcslen</name>
         <value>0x3ced</value>
         <object_component_ref idref="oc-291"/>
      </symbol>
      <symbol id="sm-7e4">
         <name>copysign</name>
         <value>0x3c9f</value>
         <object_component_ref idref="oc-3b5"/>
      </symbol>
      <symbol id="sm-7e5">
         <name>copysignl</name>
         <value>0x3c9f</value>
         <object_component_ref idref="oc-3b5"/>
      </symbol>
      <symbol id="sm-807">
         <name>__aeabi_cdcmpeq</name>
         <value>0x2c29</value>
         <object_component_ref idref="oc-26e"/>
      </symbol>
      <symbol id="sm-808">
         <name>__aeabi_cdcmple</name>
         <value>0x2c29</value>
         <object_component_ref idref="oc-26e"/>
      </symbol>
      <symbol id="sm-809">
         <name>__aeabi_cdrcmple</name>
         <value>0x2caf</value>
         <object_component_ref idref="oc-301"/>
      </symbol>
      <symbol id="sm-81d">
         <name>__aeabi_ddiv</name>
         <value>0x1fd9</value>
         <object_component_ref idref="oc-2fc"/>
      </symbol>
      <symbol id="sm-827">
         <name>__aeabi_d2iz</name>
         <value>0x3639</value>
         <object_component_ref idref="oc-306"/>
      </symbol>
      <symbol id="sm-831">
         <name>__aeabi_i2d</name>
         <value>0x3aa9</value>
         <object_component_ref idref="oc-311"/>
      </symbol>
      <symbol id="sm-83e">
         <name>__aeabi_uldivmod</name>
         <value>0x2b93</value>
         <object_component_ref idref="oc-2f5"/>
      </symbol>
      <symbol id="sm-854">
         <name>__aeabi_errno_addr</name>
         <value>0x3d45</value>
         <object_component_ref idref="oc-297"/>
      </symbol>
      <symbol id="sm-855">
         <name>errno</name>
         <value>0x200009f0</value>
         <object_component_ref idref="oc-34d"/>
      </symbol>
      <symbol id="sm-8d0">
         <name>_sys_memory</name>
         <value>0x20000bc0</value>
         <object_component_ref idref="oc-24"/>
      </symbol>
      <symbol id="sm-8d1">
         <name>free</name>
         <value>0x296d</value>
         <object_component_ref idref="oc-407"/>
      </symbol>
      <symbol id="sm-8d2">
         <name>malloc</name>
         <value>0x2e2d</value>
         <object_component_ref idref="oc-40d"/>
      </symbol>
      <symbol id="sm-8d3">
         <name>minit</name>
         <value>0x3935</value>
         <object_component_ref idref="oc-439"/>
      </symbol>
      <symbol id="sm-8e3">
         <name>__TI_cleanup</name>
         <value>0x3a11</value>
         <object_component_ref idref="oc-413"/>
      </symbol>
      <symbol id="sm-8f2">
         <name>strcpy</name>
         <value>0x3cb3</value>
         <object_component_ref idref="oc-4b5"/>
      </symbol>
      <symbol id="sm-907">
         <name>__TI_closefile</name>
         <value>0x2ea5</value>
         <object_component_ref idref="oc-450"/>
      </symbol>
      <symbol id="sm-92a">
         <name>finddevice</name>
         <value>0x3a79</value>
         <object_component_ref idref="oc-4e7"/>
      </symbol>
      <symbol id="sm-92b">
         <name>getdevice</name>
         <value>0x374d</value>
         <object_component_ref idref="oc-4bf"/>
      </symbol>
      <symbol id="sm-93b">
         <name>strcmp</name>
         <value>0x3c19</value>
         <object_component_ref idref="oc-4fe"/>
      </symbol>
      <symbol id="sm-94b">
         <name>strncpy</name>
         <value>0x39a5</value>
         <object_component_ref idref="oc-4e1"/>
      </symbol>
      <symbol id="sm-95b">
         <name>unlink</name>
         <value>0x3b05</value>
         <object_component_ref idref="oc-492"/>
      </symbol>
      <symbol id="sm-96f">
         <name>close</name>
         <value>0x32b9</value>
         <object_component_ref idref="oc-48c"/>
      </symbol>
      <symbol id="sm-970">
         <name>__TI_static_base__</name>
         <value>0x0</value>
      </symbol>
      <symbol id="sm-973">
         <name>__mpu_init</name>
         <value>0x0</value>
      </symbol>
      <symbol id="sm-974">
         <name>_system_post_cinit</name>
         <value>0x0</value>
      </symbol>
      <symbol id="sm-975">
         <name>remove</name>
         <value>0x3b05</value>
      </symbol>
   </symbol_table>
   <title>Link successful</title>
</link_info>
